Component: ARM Compiler 6.14 Tool: armlink [5db06800]

==============================================================================

Section Cross References

    main.o(.text.main) refers to delay.o(.text.Delay_Init) for Delay_Init
    main.o(.text.main) refers to spi1.o(.text.SPI1_Config) for SPI1_Config
    main.o(.text.main) refers to nrf24l01.o(.text.NRF24L01_TX_Mode_Init) for NRF24L01_TX_Mode_Init
    main.o(.text.main) refers to nrf24l01.o(.text.NRF24L01_ReadReg) for NRF24L01_ReadReg
    main.o(.ARM.exidx.text.main) refers to main.o(.text.main) for [Anonymous Symbol]
    nrf24l01.o(.text.NRF24L01_TX_Mode_Init) refers to nrf24l01.o(.text.NRF24L01_WriteReg) for NRF24L01_WriteReg
    nrf24l01.o(.text.NRF24L01_TX_Mode_Init) refers to spi1.o(.text.SPI1_ReadWrite) for SPI1_ReadWrite
    nrf24l01.o(.ARM.exidx.text.NRF24L01_TX_Mode_Init) refers to nrf24l01.o(.text.NRF24L01_TX_Mode_Init) for [Anonymous Symbol]
    nrf24l01.o(.text.NRF24L01_WriteReg) refers to spi1.o(.text.SPI1_ReadWrite) for SPI1_ReadWrite
    nrf24l01.o(.ARM.exidx.text.NRF24L01_WriteReg) refers to nrf24l01.o(.text.NRF24L01_WriteReg) for [Anonymous Symbol]
    nrf24l01.o(.text.NRF24L01_RX_Mode_Init) refers to nrf24l01.o(.text.NRF24L01_WriteReg) for NRF24L01_WriteReg
    nrf24l01.o(.text.NRF24L01_RX_Mode_Init) refers to spi1.o(.text.SPI1_ReadWrite) for SPI1_ReadWrite
    nrf24l01.o(.ARM.exidx.text.NRF24L01_RX_Mode_Init) refers to nrf24l01.o(.text.NRF24L01_RX_Mode_Init) for [Anonymous Symbol]
    nrf24l01.o(.text.NRF24L01_ReadReg) refers to spi1.o(.text.SPI1_ReadWrite) for SPI1_ReadWrite
    nrf24l01.o(.ARM.exidx.text.NRF24L01_ReadReg) refers to nrf24l01.o(.text.NRF24L01_ReadReg) for [Anonymous Symbol]
    nrf24l01.o(.text.NRF24L01_SendData) refers to spi1.o(.text.SPI1_ReadWrite) for SPI1_ReadWrite
    nrf24l01.o(.text.NRF24L01_SendData) refers to nrf24l01.o(.text.NRF24L01_WriteReg) for NRF24L01_WriteReg
    nrf24l01.o(.ARM.exidx.text.NRF24L01_SendData) refers to nrf24l01.o(.text.NRF24L01_SendData) for [Anonymous Symbol]
    nrf24l01.o(.ARM.exidx.text.NRF24L01_StartListening) refers to nrf24l01.o(.text.NRF24L01_StartListening) for [Anonymous Symbol]
    nrf24l01.o(.ARM.exidx.text.NRF24L01_StopListening) refers to nrf24l01.o(.text.NRF24L01_StopListening) for [Anonymous Symbol]
    nrf24l01.o(.text.NRF24L01_DataReady) refers to spi1.o(.text.SPI1_ReadWrite) for SPI1_ReadWrite
    nrf24l01.o(.ARM.exidx.text.NRF24L01_DataReady) refers to nrf24l01.o(.text.NRF24L01_DataReady) for [Anonymous Symbol]
    nrf24l01.o(.text.NRF24L01_ReadData) refers to spi1.o(.text.SPI1_ReadWrite) for SPI1_ReadWrite
    nrf24l01.o(.text.NRF24L01_ReadData) refers to nrf24l01.o(.text.NRF24L01_WriteReg) for NRF24L01_WriteReg
    nrf24l01.o(.ARM.exidx.text.NRF24L01_ReadData) refers to nrf24l01.o(.text.NRF24L01_ReadData) for [Anonymous Symbol]
    spi1.o(.text.SPI1_Config) refers to stm32f10x_rcc.o(.text.RCC_APB2PeriphClockCmd) for RCC_APB2PeriphClockCmd
    spi1.o(.text.SPI1_Config) refers to stm32f10x_gpio.o(.text.GPIO_Init) for GPIO_Init
    spi1.o(.text.SPI1_Config) refers to stm32f10x_spi.o(.text.SPI_Init) for SPI_Init
    spi1.o(.text.SPI1_Config) refers to stm32f10x_spi.o(.text.SPI_Cmd) for SPI_Cmd
    spi1.o(.ARM.exidx.text.SPI1_Config) refers to spi1.o(.text.SPI1_Config) for [Anonymous Symbol]
    spi1.o(.text.SPI1_ReadWrite) refers to stm32f10x_spi.o(.text.SPI_I2S_GetFlagStatus) for SPI_I2S_GetFlagStatus
    spi1.o(.text.SPI1_ReadWrite) refers to stm32f10x_spi.o(.text.SPI_I2S_SendData) for SPI_I2S_SendData
    spi1.o(.text.SPI1_ReadWrite) refers to stm32f10x_spi.o(.text.SPI_I2S_ReceiveData) for SPI_I2S_ReceiveData
    spi1.o(.ARM.exidx.text.SPI1_ReadWrite) refers to spi1.o(.text.SPI1_ReadWrite) for [Anonymous Symbol]
    delay.o(.text.Delay_Init) refers to system_stm32f10x.o(.text.SystemCoreClockUpdate) for SystemCoreClockUpdate
    delay.o(.text.Delay_Init) refers to system_stm32f10x.o(.data.SystemCoreClock) for SystemCoreClock
    delay.o(.text.Delay_Init) refers to delay.o(.text.SysTick_Config) for SysTick_Config
    delay.o(.ARM.exidx.text.Delay_Init) refers to delay.o(.text.Delay_Init) for [Anonymous Symbol]
    delay.o(.text.SysTick_Config) refers to delay.o(.text.__NVIC_SetPriority) for __NVIC_SetPriority
    delay.o(.ARM.exidx.text.SysTick_Config) refers to delay.o(.text.SysTick_Config) for [Anonymous Symbol]
    delay.o(.text.millis) refers to delay.o(.bss.ms) for ms
    delay.o(.ARM.exidx.text.millis) refers to delay.o(.text.millis) for [Anonymous Symbol]
    delay.o(.text.micros) refers to delay.o(.bss.ms) for ms
    delay.o(.ARM.exidx.text.micros) refers to delay.o(.text.micros) for [Anonymous Symbol]
    delay.o(.text.delay_ms) refers to delay.o(.text.millis) for millis
    delay.o(.ARM.exidx.text.delay_ms) refers to delay.o(.text.delay_ms) for [Anonymous Symbol]
    delay.o(.text.delay_us) refers to delay.o(.text.micros) for micros
    delay.o(.ARM.exidx.text.delay_us) refers to delay.o(.text.delay_us) for [Anonymous Symbol]
[...]
    Removing stm32f10x_rcc.o(.text.RCC_SYSCLKConfig), (20 bytes).
    Removing stm32f10x_rcc.o(.ARM.exidx.text.RCC_SYSCLKConfig), (8 bytes).
    Removing stm32f10x_rcc.o(.text.RCC_GetSYSCLKSource), (16 bytes).
    Removing stm32f10x_rcc.o(.ARM.exidx.text.RCC_GetSYSCLKSource), (8 bytes).
    Removing stm32f10x_rcc.o(.text.RCC_HCLKConfig), (20 bytes).
    Removing stm32f10x_rcc.o(.ARM.exidx.text.RCC_HCLKConfig), (8 bytes).
    Removing stm32f10x_rcc.o(.text.RCC_PCLK1Config), (20 bytes).
    Removing stm32f10x_rcc.o(.ARM.exidx.text.RCC_PCLK1Config), (8 bytes).
    Removing stm32f10x_rcc.o(.text.RCC_PCLK2Config), (22 bytes).
    Removing stm32f10x_rcc.o(.ARM.exidx.text.RCC_PCLK2Config), (8 bytes).
    Removing stm32f10x_rcc.o(.text.RCC_ITConfig), (24 bytes).
    Removing stm32f10x_rcc.o(.ARM.exidx.text.RCC_ITConfig), (8 bytes).
    Removing stm32f10x_rcc.o(.text.RCC_USBCLKConfig), (10 bytes).
    Removing stm32f10x_rcc.o(.ARM.exidx.text.RCC_USBCLKConfig), (8 bytes).
    Removing stm32f10x_rcc.o(.text.RCC_ADCCLKConfig), (20 bytes).
    Removing stm32f10x_rcc.o(.ARM.exidx.text.RCC_ADCCLKConfig), (8 bytes).
    Removing stm32f10x_rcc.o(.text.RCC_LSEConfig), (30 bytes).
    Removing stm32f10x_rcc.o(.ARM.exidx.text.RCC_LSEConfig), (8 bytes).
    Removing stm32f10x_rcc.o(.text.RCC_LSICmd), (12 bytes).
    Removing stm32f10x_rcc.o(.ARM.exidx.text.RCC_LSICmd), (8 bytes).
    Removing stm32f10x_rcc.o(.text.RCC_RTCCLKConfig), (16 bytes).
    Removing stm32f10x_rcc.o(.ARM.exidx.text.RCC_RTCCLKConfig), (8 bytes).
    Removing stm32f10x_rcc.o(.text.RCC_RTCCLKCmd), (12 bytes).
    Removing stm32f10x_rcc.o(.ARM.exidx.text.RCC_RTCCLKCmd), (8 bytes).
    Removing stm32f10x_rcc.o(.text.RCC_GetClocksFreq), (160 bytes).
    Removing stm32f10x_rcc.o(.ARM.exidx.text.RCC_GetClocksFreq), (8 bytes).
    Removing stm32f10x_rcc.o(.text.RCC_AHBPeriphClockCmd), (24 bytes).
    Removing stm32f10x_rcc.o(.ARM.exidx.text.RCC_AHBPeriphClockCmd), (8 bytes).
    Removing stm32f10x_rcc.o(.ARM.exidx.text.RCC_APB2PeriphClockCmd), (8 bytes).
    Removing stm32f10x_rcc.o(.text.RCC_APB1PeriphClockCmd), (24 bytes).
    Removing stm32f10x_rcc.o(.ARM.exidx.text.RCC_APB1PeriphClockCmd), (8 bytes).
    Removing stm32f10x_rcc.o(.text.RCC_APB2PeriphResetCmd), (24 bytes).
    Removing stm32f10x_rcc.o(.ARM.exidx.text.RCC_APB2PeriphResetCmd), (8 bytes).
    Removing stm32f10x_rcc.o(.text.RCC_APB1PeriphResetCmd), (24 bytes).
    Removing stm32f10x_rcc.o(.ARM.exidx.text.RCC_APB1PeriphResetCmd), (8 bytes).
    Removing stm32f10x_rcc.o(.text.RCC_BackupResetCmd), (12 bytes).
    Removing stm32f10x_rcc.o(.ARM.exidx.text.RCC_BackupResetCmd), (8 bytes).
    Removing stm32f10x_rcc.o(.text.RCC_ClockSecuritySystemCmd), (10 bytes).
    Removing stm32f10x_rcc.o(.ARM.exidx.text.RCC_ClockSecuritySystemCmd), (8 bytes).
    Removing stm32f10x_rcc.o(.text.RCC_MCOConfig), (12 bytes).
    Removing stm32f10x_rcc.o(.ARM.exidx.text.RCC_MCOConfig), (8 bytes).
    Removing stm32f10x_rcc.o(.text.RCC_ClearFlag), (18 bytes).
    Removing stm32f10x_rcc.o(.ARM.exidx.text.RCC_ClearFlag), (8 bytes).
    Removing stm32f10x_rcc.o(.text.RCC_GetITStatus), (18 bytes).
    Removing stm32f10x_rcc.o(.ARM.exidx.text.RCC_GetITStatus), (8 bytes).
    Removing stm32f10x_rcc.o(.text.RCC_ClearITPendingBit), (12 bytes).
    Removing stm32f10x_rcc.o(.ARM.exidx.text.RCC_ClearITPendingBit), (8 bytes).
    Removing stm32f10x_rcc.o(.rodata.APBAHBPrescTable), (16 bytes).
    Removing stm32f10x_rcc.o(.rodata.ADCPrescTable), (4 bytes).
    Removing stm32f10x_spi.o(.text), (0 bytes).
    Removing stm32f10x_spi.o(.text.SPI_I2S_DeInit), (100 bytes).
    Removing stm32f10x_spi.o(.ARM.exidx.text.SPI_I2S_DeInit), (8 bytes).
    Removing stm32f10x_spi.o(.ARM.exidx.text.SPI_Init), (8 bytes).
    Removing stm32f10x_spi.o(.text.I2S_Init), (148 bytes).
    Removing stm32f10x_spi.o(.ARM.exidx.text.I2S_Init), (8 bytes).
    Removing stm32f10x_spi.o(.text.SPI_StructInit), (16 bytes).
    Removing stm32f10x_spi.o(.ARM.exidx.text.SPI_StructInit), (8 bytes).
    Removing stm32f10x_spi.o(.text.I2S_StructInit), (14 bytes).
    Removing stm32f10x_spi.o(.ARM.exidx.text.I2S_StructInit), (8 bytes).
    Removing stm32f10x_spi.o(.ARM.exidx.text.SPI_Cmd), (8 bytes).
    Removing stm32f10x_spi.o(.text.I2S_Cmd), (18 bytes).
    Removing stm32f10x_spi.o(.ARM.exidx.text.I2S_Cmd), (8 bytes).
    Removing stm32f10x_spi.o(.text.SPI_I2S_ITConfig), (32 bytes).
    Removing stm32f10x_spi.o(.ARM.exidx.text.SPI_I2S_ITConfig), (8 bytes).
    Removing stm32f10x_spi.o(.text.SPI_I2S_DMACmd), (16 bytes).
    Removing stm32f10x_spi.o(.ARM.exidx.text.SPI_I2S_DMACmd), (8 bytes).
    Removing stm32f10x_spi.o(.ARM.exidx.text.SPI_I2S_SendData), (8 bytes).
    Removing stm32f10x_spi.o(.ARM.exidx.text.SPI_I2S_ReceiveData), (8 bytes).
    Removing stm32f10x_spi.o(.text.SPI_NSSInternalSoftwareConfig), (24 bytes).
    Removing stm32f10x_spi.o(.ARM.exidx.text.SPI_NSSInternalSoftwareConfig), (8 bytes).
    Removing stm32f10x_spi.o(.text.SPI_SSOutputCmd), (18 bytes).
    Removing stm32f10x_spi.o(.ARM.exidx.text.SPI_SSOutputCmd), (8 bytes).
    Removing stm32f10x_spi.o(.text.SPI_DataSizeConfig), (16 bytes).
    Removing stm32f10x_spi.o(.ARM.exidx.text.SPI_DataSizeConfig), (8 bytes).
    Removing stm32f10x_spi.o(.text.SPI_TransmitCRC), (10 bytes).
    Removing stm32f10x_spi.o(.ARM.exidx.text.SPI_TransmitCRC), (8 bytes).
    Removing stm32f10x_spi.o(.text.SPI_CalculateCRC), (18 bytes).
    Removing stm32f10x_spi.o(.ARM.exidx.text.SPI_CalculateCRC), (8 bytes).
    Removing stm32f10x_spi.o(.text.SPI_GetCRC), (12 bytes).
    Removing stm32f10x_spi.o(.ARM.exidx.text.SPI_GetCRC), (8 bytes).
    Removing stm32f10x_spi.o(.text.SPI_GetCRCPolynomial), (4 bytes).
    Removing stm32f10x_spi.o(.ARM.exidx.text.SPI_GetCRCPolynomial), (8 bytes).
    Removing stm32f10x_spi.o(.text.SPI_BiDirectionalLineConfig), (20 bytes).
    Removing stm32f10x_spi.o(.ARM.exidx.text.SPI_BiDirectionalLineConfig), (8 bytes).
    Removing stm32f10x_spi.o(.ARM.exidx.text.SPI_I2S_GetFlagStatus), (8 bytes).
    Removing stm32f10x_spi.o(.text.SPI_I2S_ClearFlag), (6 bytes).
    Removing stm32f10x_spi.o(.ARM.exidx.text.SPI_I2S_ClearFlag), (8 bytes).
    Removing stm32f10x_spi.o(.text.SPI_I2S_GetITStatus), (34 bytes).
    Removing stm32f10x_spi.o(.ARM.exidx.text.SPI_I2S_GetITStatus), (8 bytes).
    Removing stm32f10x_spi.o(.text.SPI_I2S_ClearITPendingBit), (16 bytes).
    Removing stm32f10x_spi.o(.ARM.exidx.text.SPI_I2S_ClearITPendingBit), (8 bytes).
    Removing stm32f10x_tim.o(.text), (0 bytes).
    Removing stm32f10x_tim.o(.text.TIM_DeInit), (558 bytes).
    Removing stm32f10x_tim.o(.ARM.exidx.text.TIM_DeInit), (8 bytes).
    Removing stm32f10x_tim.o(.text.TIM_TimeBaseInit), (170 bytes).
    Removing stm32f10x_tim.o(.ARM.exidx.text.TIM_TimeBaseInit), (8 bytes).
    Removing stm32f10x_tim.o(.text.TIM_OC1Init), (118 bytes).
    Removing stm32f10x_tim.o(.ARM.exidx.text.TIM_OC1Init), (8 bytes).
    Removing stm32f10x_tim.o(.text.TIM_OC2Init), (122 bytes).
    Removing stm32f10x_tim.o(.ARM.exidx.text.TIM_OC2Init), (8 bytes).
    Removing stm32f10x_tim.o(.text.TIM_OC3Init), (122 bytes).
    Removing stm32f10x_tim.o(.ARM.exidx.text.TIM_OC3Init), (8 bytes).
    Removing stm32f10x_tim.o(.text.TIM_OC4Init), (94 bytes).
    Removing stm32f10x_tim.o(.ARM.exidx.text.TIM_OC4Init), (8 bytes).
    Removing stm32f10x_tim.o(.text.TIM_ICInit), (98 bytes).
    Removing stm32f10x_tim.o(.ARM.exidx.text.TIM_ICInit), (8 bytes).
    Removing stm32f10x_tim.o(.text.TI1_Config), (132 bytes).
    Removing stm32f10x_tim.o(.ARM.exidx.text.TI1_Config), (8 bytes).
    Removing stm32f10x_tim.o(.text.TIM_SetIC1Prescaler), (16 bytes).
    Removing stm32f10x_tim.o(.ARM.exidx.text.TIM_SetIC1Prescaler), (8 bytes).
    Removing stm32f10x_tim.o(.text.TI2_Config), (144 bytes).
    Removing stm32f10x_tim.o(.ARM.exidx.text.TI2_Config), (8 bytes).
    Removing stm32f10x_tim.o(.text.TIM_SetIC2Prescaler), (18 bytes).
    Removing stm32f10x_tim.o(.ARM.exidx.text.TIM_SetIC2Prescaler), (8 bytes).
    Removing stm32f10x_tim.o(.text.TI3_Config), (138 bytes).
    Removing stm32f10x_tim.o(.ARM.exidx.text.TI3_Config), (8 bytes).
    Removing stm32f10x_tim.o(.text.TIM_SetIC3Prescaler), (16 bytes).
    Removing stm32f10x_tim.o(.ARM.exidx.text.TIM_SetIC3Prescaler), (8 bytes).
    Removing stm32f10x_tim.o(.text.TI4_Config), (148 bytes).
    Removing stm32f10x_tim.o(.ARM.exidx.text.TI4_Config), (8 bytes).
    Removing stm32f10x_tim.o(.text.TIM_SetIC4Prescaler), (18 bytes).
    Removing stm32f10x_tim.o(.ARM.exidx.text.TIM_SetIC4Prescaler), (8 bytes).
    Removing stm32f10x_tim.o(.text.TIM_PWMIConfig), (112 bytes).
    Removing stm32f10x_tim.o(.ARM.exidx.text.TIM_PWMIConfig), (8 bytes).
    Removing stm32f10x_tim.o(.text.TIM_BDTRConfig), (40 bytes).
    Removing stm32f10x_tim.o(.ARM.exidx.text.TIM_BDTRConfig), (8 bytes).
    Removing stm32f10x_tim.o(.text.TIM_TimeBaseStructInit), (20 bytes).
    Removing stm32f10x_tim.o(.ARM.exidx.text.TIM_TimeBaseStructInit), (8 bytes).
    Removing stm32f10x_tim.o(.text.TIM_OCStructInit), (12 bytes).
    Removing stm32f10x_tim.o(.ARM.exidx.text.TIM_OCStructInit), (8 bytes).
    Removing stm32f10x_tim.o(.text.TIM_ICStructInit), (12 bytes).
    Removing stm32f10x_tim.o(.ARM.exidx.text.TIM_ICStructInit), (8 bytes).
    Removing stm32f10x_tim.o(.text.TIM_BDTRStructInit), (12 bytes).
    Removing stm32f10x_tim.o(.ARM.exidx.text.TIM_BDTRStructInit), (8 bytes).
    Removing stm32f10x_tim.o(.text.TIM_Cmd), (18 bytes).
    Removing stm32f10x_tim.o(.ARM.exidx.text.TIM_Cmd), (8 bytes).
    Removing stm32f10x_tim.o(.text.TIM_CtrlPWMOutputs), (24 bytes).
    Removing stm32f10x_tim.o(.ARM.exidx.text.TIM_CtrlPWMOutputs), (8 bytes).
    Removing stm32f10x_tim.o(.text.TIM_ITConfig), (16 bytes).
    Removing stm32f10x_tim.o(.ARM.exidx.text.TIM_ITConfig), (8 bytes).
    Removing stm32f10x_tim.o(.text.TIM_GenerateEvent), (4 bytes).
    Removing stm32f10x_tim.o(.ARM.exidx.text.TIM_GenerateEvent), (8 bytes).
    Removing stm32f10x_tim.o(.text.TIM_DMAConfig), (8 bytes).
    Removing stm32f10x_tim.o(.ARM.exidx.text.TIM_DMAConfig), (8 bytes).
    Removing stm32f10x_tim.o(.text.TIM_DMACmd), (16 bytes).
    Removing stm32f10x_tim.o(.ARM.exidx.text.TIM_DMACmd), (8 bytes).
    Removing stm32f10x_tim.o(.text.TIM_InternalClockConfig), (10 bytes).
    Removing stm32f10x_tim.o(.ARM.exidx.text.TIM_InternalClockConfig), (8 bytes).
    Removing stm32f10x_tim.o(.text.TIM_ITRxExternalClockConfig), (18 bytes).
    Removing stm32f10x_tim.o(.ARM.exidx.text.TIM_ITRxExternalClockConfig), (8 bytes).
    Removing stm32f10x_tim.o(.text.TIM_SelectInputTrigger), (12 bytes).
    Removing stm32f10x_tim.o(.ARM.exidx.text.TIM_SelectInputTrigger), (8 bytes).
    Removing stm32f10x_tim.o(.text.TIM_TIxExternalClockConfig), (44 bytes).
    Removing stm32f10x_tim.o(.ARM.exidx.text.TIM_TIxExternalClockConfig), (8 bytes).
    Removing stm32f10x_tim.o(.text.TIM_ETRClockMode1Config), (18 bytes).
    Removing stm32f10x_tim.o(.ARM.exidx.text.TIM_ETRClockMode1Config), (8 bytes).
    Removing stm32f10x_tim.o(.text.TIM_ETRConfig), (22 bytes).
    Removing stm32f10x_tim.o(.ARM.exidx.text.TIM_ETRConfig), (8 bytes).
    Removing stm32f10x_tim.o(.text.TIM_ETRClockMode2Config), (18 bytes).
    Removing stm32f10x_tim.o(.ARM.exidx.text.TIM_ETRClockMode2Config), (8 bytes).
    Removing stm32f10x_tim.o(.text.TIM_PrescalerConfig), (6 bytes).
    Removing stm32f10x_tim.o(.ARM.exidx.text.TIM_PrescalerConfig), (8 bytes).
    Removing stm32f10x_tim.o(.text.TIM_CounterModeConfig), (12 bytes).
    Removing stm32f10x_tim.o(.ARM.exidx.text.TIM_CounterModeConfig), (8 bytes).
    Removing stm32f10x_tim.o(.text.TIM_EncoderInterfaceConfig), (48 bytes).
    Removing stm32f10x_tim.o(.ARM.exidx.text.TIM_EncoderInterfaceConfig), (8 bytes).
    Removing stm32f10x_tim.o(.text.TIM_ForcedOC1Config), (12 bytes).
    Removing stm32f10x_tim.o(.ARM.exidx.text.TIM_ForcedOC1Config), (8 bytes).
    Removing stm32f10x_tim.o(.text.TIM_ForcedOC2Config), (14 bytes).
    Removing stm32f10x_tim.o(.ARM.exidx.text.TIM_ForcedOC2Config), (8 bytes).
    Removing stm32f10x_tim.o(.text.TIM_ForcedOC3Config), (12 bytes).
    Removing stm32f10x_tim.o(.ARM.exidx.text.TIM_ForcedOC3Config), (8 bytes).
    Removing stm32f10x_tim.o(.text.TIM_ForcedOC4Config), (14 bytes).
    Removing stm32f10x_tim.o(.ARM.exidx.text.TIM_ForcedOC4Config), (8 bytes).
    Removing stm32f10x_tim.o(.text.TIM_ARRPreloadConfig), (18 bytes).
    Removing stm32f10x_tim.o(.ARM.exidx.text.TIM_ARRPreloadConfig), (8 bytes).
    Removing stm32f10x_tim.o(.text.TIM_SelectCOM), (18 bytes).
    Removing stm32f10x_tim.o(.ARM.exidx.text.TIM_SelectCOM), (8 bytes).
    Removing stm32f10x_tim.o(.text.TIM_SelectCCDMA), (18 bytes).
    Removing stm32f10x_tim.o(.ARM.exidx.text.TIM_SelectCCDMA), (8 bytes).
    Removing stm32f10x_tim.o(.text.TIM_CCPreloadControl), (18 bytes).
    Removing stm32f10x_tim.o(.ARM.exidx.text.TIM_CCPreloadControl), (8 bytes).
    Removing stm32f10x_tim.o(.text.TIM_OC1PreloadConfig), (12 bytes).
    Removing stm32f10x_tim.o(.ARM.exidx.text.TIM_OC1PreloadConfig), (8 bytes).
    Removing stm32f10x_tim.o(.text.TIM_OC2PreloadConfig), (14 bytes).
    Removing stm32f10x_tim.o(.ARM.exidx.text.TIM_OC2PreloadConfig), (8 bytes).
    Removing stm32f10x_tim.o(.text.TIM_OC3PreloadConfig), (12 bytes).
    Removing stm32f10x_tim.o(.ARM.exidx.text.TIM_OC3PreloadConfig), (8 bytes).
    Removing stm32f10x_tim.o(.text.TIM_OC4PreloadConfig), (14 bytes).
    Removing stm32f10x_tim.o(.ARM.exidx.text.TIM_OC4PreloadConfig), (8 bytes).
    Removing stm32f10x_tim.o(.text.TIM_OC1FastConfig), (12 bytes).
    Removing stm32f10x_tim.o(.ARM.exidx.text.TIM_OC1FastConfig), (8 bytes).
    Removing stm32f10x_tim.o(.text.TIM_OC2FastConfig), (14 bytes).
    Removing stm32f10x_tim.o(.ARM.exidx.text.TIM_OC2FastConfig), (8 bytes).
    Removing stm32f10x_tim.o(.text.TIM_OC3FastConfig), (12 bytes).
    Removing stm32f10x_tim.o(.ARM.exidx.text.TIM_OC3FastConfig), (8 bytes).
    Removing stm32f10x_tim.o(.text.TIM_OC4FastConfig), (14 bytes).
    Removing stm32f10x_tim.o(.ARM.exidx.text.TIM_OC4FastConfig), (8 bytes).
    Removing stm32f10x_tim.o(.text.TIM_ClearOC1Ref), (12 bytes).
    Removing stm32f10x_tim.o(.ARM.exidx.text.TIM_ClearOC1Ref), (8 bytes).
    Removing stm32f10x_tim.o(.text.TIM_ClearOC2Ref), (14 bytes).
    Removing stm32f10x_tim.o(.ARM.exidx.text.TIM_ClearOC2Ref), (8 bytes).
    Removing stm32f10x_tim.o(.text.TIM_ClearOC3Ref), (12 bytes).
    Removing stm32f10x_tim.o(.ARM.exidx.text.TIM_ClearOC3Ref), (8 bytes).
    Removing stm32f10x_tim.o(.text.TIM_ClearOC4Ref), (14 bytes).
    Removing stm32f10x_tim.o(.ARM.exidx.text.TIM_ClearOC4Ref), (8 bytes).
    Removing stm32f10x_tim.o(.text.TIM_OC1PolarityConfig), (12 bytes).
    Removing stm32f10x_tim.o(.ARM.exidx.text.TIM_OC1PolarityConfig), (8 bytes).
    Removing stm32f10x_tim.o(.text.TIM_OC1NPolarityConfig), (12 bytes).
    Removing stm32f10x_tim.o(.ARM.exidx.text.TIM_OC1NPolarityConfig), (8 bytes).
    Removing stm32f10x_tim.o(.text.TIM_OC2PolarityConfig), (14 bytes).
    Removing stm32f10x_tim.o(.ARM.exidx.text.TIM_OC2PolarityConfig), (8 bytes).
    Removing stm32f10x_tim.o(.text.TIM_OC2NPolarityConfig), (14 bytes).
    Removing stm32f10x_tim.o(.ARM.exidx.text.TIM_OC2NPolarityConfig), (8 bytes).
    Removing stm32f10x_tim.o(.text.TIM_OC3PolarityConfig), (14 bytes).
    Removing stm32f10x_tim.o(.ARM.exidx.text.TIM_OC3PolarityConfig), (8 bytes).
    Removing stm32f10x_tim.o(.text.TIM_OC3NPolarityConfig), (14 bytes).
    Removing stm32f10x_tim.o(.ARM.exidx.text.TIM_OC3NPolarityConfig), (8 bytes).
    Removing stm32f10x_tim.o(.text.TIM_OC4PolarityConfig), (14 bytes).
    Removing stm32f10x_tim.o(.ARM.exidx.text.TIM_OC4PolarityConfig), (8 bytes).
    Removing stm32f10x_tim.o(.text.TIM_CCxCmd), (32 bytes).
    Removing stm32f10x_tim.o(.ARM.exidx.text.TIM_CCxCmd), (8 bytes).
    Removing stm32f10x_tim.o(.text.TIM_CCxNCmd), (32 bytes).
    Removing stm32f10x_tim.o(.ARM.exidx.text.TIM_CCxNCmd), (8 bytes).
    Removing stm32f10x_tim.o(.text.TIM_SelectOCxM), (82 bytes).
    Removing stm32f10x_tim.o(.ARM.exidx.text.TIM_SelectOCxM), (8 bytes).
    Removing stm32f10x_tim.o(.text.TIM_UpdateDisableConfig), (18 bytes).
    Removing stm32f10x_tim.o(.ARM.exidx.text.TIM_UpdateDisableConfig), (8 bytes).
    Removing stm32f10x_tim.o(.text.TIM_UpdateRequestConfig), (18 bytes).
    Removing stm32f10x_tim.o(.ARM.exidx.text.TIM_UpdateRequestConfig), (8 bytes).
    Removing stm32f10x_tim.o(.text.TIM_SelectHallSensor), (18 bytes).
    Removing stm32f10x_tim.o(.ARM.exidx.text.TIM_SelectHallSensor), (8 bytes).
    Removing stm32f10x_tim.o(.text.TIM_SelectOnePulseMode), (16 bytes).
    Removing stm32f10x_tim.o(.ARM.exidx.text.TIM_SelectOnePulseMode), (8 bytes).
    Removing stm32f10x_tim.o(.text.TIM_SelectOutputTrigger), (16 bytes).
    Removing stm32f10x_tim.o(.ARM.exidx.text.TIM_SelectOutputTrigger), (8 bytes).
    Removing stm32f10x_tim.o(.text.TIM_SelectSlaveMode), (16 bytes).
    Removing stm32f10x_tim.o(.ARM.exidx.text.TIM_SelectSlaveMode), (8 bytes).
    Removing stm32f10x_tim.o(.text.TIM_SelectMasterSlaveMode), (16 bytes).
    Removing stm32f10x_tim.o(.ARM.exidx.text.TIM_SelectMasterSlaveMode), (8 bytes).
    Removing stm32f10x_tim.o(.text.TIM_SetCounter), (4 bytes).
    Removing stm32f10x_tim.o(.ARM.exidx.text.TIM_SetCounter), (8 bytes).
    Removing stm32f10x_tim.o(.text.TIM_SetAutoreload), (4 bytes).
    Removing stm32f10x_tim.o(.ARM.exidx.text.TIM_SetAutoreload), (8 bytes).
    Removing stm32f10x_tim.o(.text.TIM_SetCompare1), (4 bytes).
    Removing stm32f10x_tim.o(.ARM.exidx.text.TIM_SetCompare1), (8 bytes).
    Removing stm32f10x_tim.o(.text.TIM_SetCompare2), (4 bytes).
    Removing stm32f10x_tim.o(.ARM.exidx.text.TIM_SetCompare2), (8 bytes).
    Removing stm32f10x_tim.o(.text.TIM_SetCompare3), (4 bytes).
    Removing stm32f10x_tim.o(.ARM.exidx.text.TIM_SetCompare3), (8 bytes).
    Removing stm32f10x_tim.o(.text.TIM_SetCompare4), (6 bytes).
    Removing stm32f10x_tim.o(.ARM.exidx.text.TIM_SetCompare4), (8 bytes).
    Removing stm32f10x_tim.o(.text.TIM_SetClockDivision), (16 bytes).
    Removing stm32f10x_tim.o(.ARM.exidx.text.TIM_SetClockDivision), (8 bytes).
    Removing stm32f10x_tim.o(.text.TIM_GetCapture1), (4 bytes).
    Removing stm32f10x_tim.o(.ARM.exidx.text.TIM_GetCapture1), (8 bytes).
    Removing stm32f10x_tim.o(.text.TIM_GetCapture2), (4 bytes).
    Removing stm32f10x_tim.o(.ARM.exidx.text.TIM_GetCapture2), (8 bytes).
    Removing stm32f10x_tim.o(.text.TIM_GetCapture3), (4 bytes).
    Removing stm32f10x_tim.o(.ARM.exidx.text.TIM_GetCapture3), (8 bytes).
    Removing stm32f10x_tim.o(.text.TIM_GetCapture4), (6 bytes).
    Removing stm32f10x_tim.o(.ARM.exidx.text.TIM_GetCapture4), (8 bytes).
    Removing stm32f10x_tim.o(.text.TIM_GetCounter), (4 bytes).
    Removing stm32f10x_tim.o(.ARM.exidx.text.TIM_GetCounter), (8 bytes).
    Removing stm32f10x_tim.o(.text.TIM_GetPrescaler), (4 bytes).
    Removing stm32f10x_tim.o(.ARM.exidx.text.TIM_GetPrescaler), (8 bytes).
    Removing stm32f10x_tim.o(.text.TIM_GetFlagStatus), (10 bytes).
    Removing stm32f10x_tim.o(.ARM.exidx.text.TIM_GetFlagStatus), (8 bytes).
    Removing stm32f10x_tim.o(.text.TIM_ClearFlag), (6 bytes).
    Removing stm32f10x_tim.o(.ARM.exidx.text.TIM_ClearFlag), (8 bytes).
    Removing stm32f10x_tim.o(.text.TIM_GetITStatus), (20 bytes).
    Removing stm32f10x_tim.o(.ARM.exidx.text.TIM_GetITStatus), (8 bytes).
    Removing stm32f10x_tim.o(.text.TIM_ClearITPendingBit), (6 bytes).
    Removing stm32f10x_tim.o(.ARM.exidx.text.TIM_ClearITPendingBit), (8 bytes).
    Removing stm32f10x_usart.o(.text), (0 bytes).
    Removing stm32f10x_usart.o(.text.USART_DeInit), (174 bytes).
    Removing stm32f10x_usart.o(.ARM.exidx.text.USART_DeInit), (8 bytes).
    Removing stm32f10x_usart.o(.text.USART_Init), (178 bytes).
    Removing stm32f10x_usart.o(.ARM.exidx.text.USART_Init), (8 bytes).
    Removing stm32f10x_usart.o(.text.USART_StructInit), (18 bytes).
    Removing stm32f10x_usart.o(.ARM.exidx.text.USART_StructInit), (8 bytes).
    Removing stm32f10x_usart.o(.text.USART_ClockInit), (34 bytes).
    Removing stm32f10x_usart.o(.ARM.exidx.text.USART_ClockInit), (8 bytes).
    Removing stm32f10x_usart.o(.text.USART_ClockStructInit), (8 bytes).
    Removing stm32f10x_usart.o(.ARM.exidx.text.USART_ClockStructInit), (8 bytes).
    Removing stm32f10x_usart.o(.text.USART_Cmd), (18 bytes).
    Removing stm32f10x_usart.o(.ARM.exidx.text.USART_Cmd), (8 bytes).
    Removing stm32f10x_usart.o(.text.USART_ITConfig), (46 bytes).
    Removing stm32f10x_usart.o(.ARM.exidx.text.USART_ITConfig), (8 bytes).
    Removing stm32f10x_usart.o(.text.USART_DMACmd), (16 bytes).
    Removing stm32f10x_usart.o(.ARM.exidx.text.USART_DMACmd), (8 bytes).
    Removing stm32f10x_usart.o(.text.USART_SetAddress), (16 bytes).
    Removing stm32f10x_usart.o(.ARM.exidx.text.USART_SetAddress), (8 bytes).
    Removing stm32f10x_usart.o(.text.USART_WakeUpConfig), (16 bytes).
    Removing stm32f10x_usart.o(.ARM.exidx.text.USART_WakeUpConfig), (8 bytes).
    Removing stm32f10x_usart.o(.text.USART_ReceiverWakeUpCmd), (18 bytes).
    Removing stm32f10x_usart.o(.ARM.exidx.text.USART_ReceiverWakeUpCmd), (8 bytes).
    Removing stm32f10x_usart.o(.text.USART_LINBreakDetectLengthConfig), (16 bytes).
    Removing stm32f10x_usart.o(.ARM.exidx.text.USART_LINBreakDetectLengthConfig), (8 bytes).
    Removing stm32f10x_usart.o(.text.USART_LINCmd), (18 bytes).
    Removing stm32f10x_usart.o(.ARM.exidx.text.USART_LINCmd), (8 bytes).
    Removing stm32f10x_usart.o(.text.USART_SendData), (8 bytes).
    Removing stm32f10x_usart.o(.ARM.exidx.text.USART_SendData), (8 bytes).
    Removing stm32f10x_usart.o(.text.USART_ReceiveData), (8 bytes).
    Removing stm32f10x_usart.o(.ARM.exidx.text.USART_ReceiveData), (8 bytes).
    Removing stm32f10x_usart.o(.text.USART_SendBreak), (10 bytes).
    Removing stm32f10x_usart.o(.ARM.exidx.text.USART_SendBreak), (8 bytes).
    Removing stm32f10x_usart.o(.text.USART_SetGuardTime), (16 bytes).
    Removing stm32f10x_usart.o(.ARM.exidx.text.USART_SetGuardTime), (8 bytes).
    Removing stm32f10x_usart.o(.text.USART_SetPrescaler), (16 bytes).
    Removing stm32f10x_usart.o(.ARM.exidx.text.USART_SetPrescaler), (8 bytes).
    Removing stm32f10x_usart.o(.text.USART_SmartCardCmd), (18 bytes).
    Removing stm32f10x_usart.o(.ARM.exidx.text.USART_SmartCardCmd), (8 bytes).
    Removing stm32f10x_usart.o(.text.USART_SmartCardNACKCmd), (18 bytes).
    Removing stm32f10x_usart.o(.ARM.exidx.text.USART_SmartCardNACKCmd), (8 bytes).
    Removing stm32f10x_usart.o(.text.USART_HalfDuplexCmd), (18 bytes).
    Removing stm32f10x_usart.o(.ARM.exidx.text.USART_HalfDuplexCmd), (8 bytes).
    Removing stm32f10x_usart.o(.text.USART_OverSampling8Cmd), (20 bytes).
    Removing stm32f10x_usart.o(.ARM.exidx.text.USART_OverSampling8Cmd), (8 bytes).
    Removing stm32f10x_usart.o(.text.USART_OneBitMethodCmd), (18 bytes).
    Removing stm32f10x_usart.o(.ARM.exidx.text.USART_OneBitMethodCmd), (8 bytes).
    Removing stm32f10x_usart.o(.text.USART_IrDAConfig), (16 bytes).
    Removing stm32f10x_usart.o(.ARM.exidx.text.USART_IrDAConfig), (8 bytes).
    Removing stm32f10x_usart.o(.text.USART_IrDACmd), (18 bytes).
    Removing stm32f10x_usart.o(.ARM.exidx.text.USART_IrDACmd), (8 bytes).
    Removing stm32f10x_usart.o(.text.USART_GetFlagStatus), (10 bytes).
    Removing stm32f10x_usart.o(.ARM.exidx.text.USART_GetFlagStatus), (8 bytes).
    Removing stm32f10x_usart.o(.text.USART_ClearFlag), (6 bytes).
    Removing stm32f10x_usart.o(.ARM.exidx.text.USART_ClearFlag), (8 bytes).
    Removing stm32f10x_usart.o(.text.USART_GetITStatus), (58 bytes).
    Removing stm32f10x_usart.o(.ARM.exidx.text.USART_GetITStatus), (8 bytes).
    Removing stm32f10x_usart.o(.text.USART_ClearITPendingBit), (14 bytes).
    Removing stm32f10x_usart.o(.ARM.exidx.text.USART_ClearITPendingBit), (8 bytes).
    Removing system_stm32f10x.o(.text), (0 bytes).
    Removing system_stm32f10x.o(.ARM.exidx.text.SystemInit), (8 bytes).
    Removing system_stm32f10x.o(.ARM.exidx.text.SetSysClock), (8 bytes).
    Removing system_stm32f10x.o(.ARM.exidx.text.SystemCoreClockUpdate), (8 bytes).
    Removing system_stm32f10x.o(.ARM.exidx.text.SetSysClockTo72), (8 bytes).

483 unused section(s) (total 9736 bytes) removed from the image.

==============================================================================

Image Symbol Table

    Local Symbols

    Symbol Name                              Value     Ov Type        Size  Object(Section)

    ../clib/angel/boardlib.s                 0x00000000   Number         0  boardinit1.o ABSOLUTE
    ../clib/angel/boardlib.s                 0x00000000   Number         0  boardinit2.o ABSOLUTE
    ../clib/angel/boardlib.s                 0x00000000   Number         0  boardinit3.o ABSOLUTE
    ../clib/angel/boardlib.s                 0x00000000   Number         0  boardshut.o ABSOLUTE
    ../clib/angel/handlers.s                 0x00000000   Number         0  __scatter_copy.o ABSOLUTE
    ../clib/angel/handlers.s                 0x00000000   Number         0  __scatter_zi.o ABSOLUTE
    ../clib/angel/kernel.s                   0x00000000   Number         0  __rtentry.o ABSOLUTE
    ../clib/angel/kernel.s                   0x00000000   Number         0  __rtentry2.o ABSOLUTE
    ../clib/angel/kernel.s                   0x00000000   Number         0  __rtentry4.o ABSOLUTE
    ../clib/angel/kernel.s                   0x00000000   Number         0  rtexit.o ABSOLUTE
    ../clib/angel/kernel.s                   0x00000000   Number         0  rtexit2.o ABSOLUTE
    ../clib/angel/rt.s                       0x00000000   Number         0  rt_locale.o ABSOLUTE
    ../clib/angel/rt.s                       0x00000000   Number         0  rt_locale_intlibspace.o ABSOLUTE
    ../clib/angel/rt.s                       0x00000000   Number         0  rt_raise.o ABSOLUTE
    ../clib/angel/scatter.s                  0x00000000   Number         0  __scatter.o ABSOLUTE
    ../clib/angel/startup.s                  0x00000000   Number         0  __main.o ABSOLUTE
    ../clib/angel/sys.s                      0x00000000   Number         0  libspace.o ABSOLUTE
    ../clib/angel/sys.s                      0x00000000   Number         0  sys_stackheap_outer.o ABSOLUTE
    ../clib/angel/sys.s                      0x00000000   Number         0  use_no_semi.o ABSOLUTE
    ../clib/angel/sys.s                      0x00000000   Number         0  indicate_semi.o ABSOLUTE
    ../clib/angel/sysapp.c                   0x00000000   Number         0  sys_command.o ABSOLUTE
    ../clib/angel/sysapp.c                   0x00000000   Number         0  sys_exit.o ABSOLUTE
    ../clib/angel/sysapp.c                   0x00000000   Number         0  sys_command_hlt.o ABSOLUTE
    ../clib/angel/sysapp.c                   0x00000000   Number         0  sys_exit_hlt.o ABSOLUTE
    ../clib/angel/sysapp.c                   0x00000000   Number         0  sys_wrch.o ABSOLUTE
    ../clib/angel/sysapp.c                   0x00000000   Number         0  sys_wrch_hlt.o ABSOLUTE
    ../clib/armsys.c                         0x00000000   Number         0  argv_veneer.o ABSOLUTE
    ../clib/armsys.c                         0x00000000   Number         0  argv_veneer.o ABSOLUTE
    ../clib/armsys.c                         0x00000000   Number         0  _get_argv_nomalloc.o ABSOLUTE
    ../clib/armsys.c                         0x00000000   Number         0  no_argv.o ABSOLUTE
    ../clib/bigflt.c                         0x00000000   Number         0  bigflt0.o ABSOLUTE
    ../clib/btod.s                           0x00000000   Number         0  btod.o ABSOLUTE
    ../clib/btod_accurate.c                  0x00000000   Number         0  btod_accurate.o ABSOLUTE
    ../clib/btod_accurate.c                  0x00000000   Number         0  btod_accurate_common.o ABSOLUTE
    ../clib/heapalloc.c                      0x00000000   Number         0  hrguard.o ABSOLUTE
    ../clib/heapaux.c                        0x00000000   Number         0  heapauxi.o ABSOLUTE
    ../clib/libinit.s                        0x00000000   Number         0  libinit.o ABSOLUTE
    ../clib/libinit.s                        0x00000000   Number         0  libinit2.o ABSOLUTE
    ../clib/libinit.s                        0x00000000   Number         0  libshutdown.o ABSOLUTE
    ../clib/libinit.s                        0x00000000   Number         0  libshutdown2.o ABSOLUTE
    ../clib/locale.s                         0x00000000   Number         0  lc_numeric_c.o ABSOLUTE
    ../clib/longlong.s                       0x00000000   Number         0  lludiv10.o ABSOLUTE
    ../clib/longlong.s                       0x00000000   Number         0  llushr.o ABSOLUTE
    ../clib/memcpset.s                       0x00000000   Number         0  strcmpv7m.o ABSOLUTE
    ../clib/misc.s                           0x00000000   Number         0  printf_stubs.o ABSOLUTE
    ../clib/printf.c                         0x00000000   Number         0  __2sprintf.o ABSOLUTE
    ../clib/printf.c                         0x00000000   Number         0  noretval__2sprintf.o ABSOLUTE
    ../clib/printf.c                         0x00000000   Number         0  __printf.o ABSOLUTE
    ../clib/printf.c                         0x00000000   Number         0  _printf_pad.o ABSOLUTE
    ../clib/printf.c                         0x00000000   Number         0  _printf_dec.o ABSOLUTE
    ../clib/printf.c                         0x00000000   Number         0  _printf_hex_ll.o ABSOLUTE
    ../clib/printf.c                         0x00000000   Number         0  _printf_hex_int.o ABSOLUTE
    ../clib/printf.c                         0x00000000   Number         0  _printf_hex_int_ll.o ABSOLUTE
    ../clib/printf.c                         0x00000000   Number         0  _printf_hex_ptr.o ABSOLUTE
    ../clib/printf.c                         0x00000000   Number         0  _printf_hex_int_ptr.o ABSOLUTE
    ../clib/printf.c                         0x00000000   Number         0  _printf_hex_ll_ptr.o ABSOLUTE
    ../clib/printf.c                         0x00000000   Number         0  _printf_hex_int_ll_ptr.o ABSOLUTE
    ../clib/printf.c                         0x00000000   Number         0  __printf_flags.o ABSOLUTE
    ../clib/printf.c                         0x00000000   Number         0  __printf_ss.o ABSOLUTE
    ../clib/printf.c                         0x00000000   Number         0  __printf_flags_ss.o ABSOLUTE
    ../clib/printf.c                         0x00000000   Number         0  __printf_wp.o ABSOLUTE
    ../clib/printf.c                         0x00000000   Number         0  __printf_flags_wp.o ABSOLUTE
    ../clib/printf.c                         0x00000000   Number         0  __printf_ss_wp.o ABSOLUTE
    ../clib/printf.c                         0x00000000   Number         0  __printf_flags_ss_wp.o ABSOLUTE
    ../clib/printf.c                         0x00000000   Number         0  _printf_intcommon.o ABSOLUTE
    ../clib/printf.c                         0x00000000   Number         0  _printf_fp_dec.o ABSOLUTE
    ../clib/printf.c                         0x00000000   Number         0  _printf_fp_dec_accurate.o ABSOLUTE
    ../clib/printf.c                         0x00000000   Number         0  _printf_char_common.o ABSOLUTE
    ../clib/printf.c                         0x00000000   Number         0  _sputc.o ABSOLUTE
    ../clib/printf.c                         0x00000000   Number         0  _printf_fp_infnan.o ABSOLUTE
    ../clib/printf.c                         0x00000000   Number         0  __printf_nopercent.o ABSOLUTE
    ../clib/printf_percent.s                 0x00000000   Number         0  _printf_x.o ABSOLUTE
    ../clib/printf_percent.s                 0x00000000   Number         0  _printf_d.o ABSOLUTE
    ../clib/printf_percent.s                 0x00000000   Number         0  _printf_f.o ABSOLUTE
    ../clib/printf_percent.s                 0x00000000   Number         0  _printf_percent.o ABSOLUTE
    ../clib/printf_percent.s                 0x00000000   Number         0  _printf_percent_end.o ABSOLUTE
    ../clib/signal.c                         0x00000000   Number         0  defsig_rtmem_outer.o ABSOLUTE
    ../clib/signal.c                         0x00000000   Number         0  defsig_rtmem_formal.o ABSOLUTE
    ../clib/signal.c                         0x00000000   Number         0  defsig_exit.o ABSOLUTE
    ../clib/signal.c                         0x00000000   Number         0  defsig_rtmem_inner.o ABSOLUTE
    ../clib/signal.c                         0x00000000   Number         0  __raise.o ABSOLUTE
    ../clib/signal.c                         0x00000000   Number         0  defsig_general.o ABSOLUTE
    ../clib/signal.c                         0x00000000   Number         0  defsig_abrt_inner.o ABSOLUTE
    ../clib/signal.c                         0x00000000   Number         0  defsig_fpe_inner.o ABSOLUTE
    ../clib/signal.c                         0x00000000   Number         0  defsig_rtred_inner.o ABSOLUTE
    ../clib/signal.c                         0x00000000   Number         0  defsig_stak_inner.o ABSOLUTE
    ../clib/signal.c                         0x00000000   Number         0  defsig_pvfn_inner.o ABSOLUTE
    ../clib/signal.c                         0x00000000   Number         0  defsig_cppl_inner.o ABSOLUTE
    ../clib/signal.c                         0x00000000   Number         0  defsig_segv_inner.o ABSOLUTE
    ../clib/signal.c                         0x00000000   Number         0  defsig_other.o ABSOLUTE
    ../clib/signal.s                         0x00000000   Number         0  defsig.o ABSOLUTE
    ../clib/stdlib.c                         0x00000000   Number         0  exit.o ABSOLUTE
    ../fplib/d2f.s                           0x00000000   Number         0  d2f.o ABSOLUTE
    ../fplib/ddiv.s                          0x00000000   Number         0  ddiv.o ABSOLUTE
    ../fplib/dfix.s                          0x00000000   Number         0  dfix.o ABSOLUTE
    ../fplib/dfixu.s                         0x00000000   Number         0  dfixu.o ABSOLUTE
    ../fplib/dflt.s                          0x00000000   Number         0  dflt_clz.o ABSOLUTE
    ../fplib/dnaninf.s                       0x00000000   Number         0  dnaninf.o ABSOLUTE
    ../fplib/dretinf.s                       0x00000000   Number         0  dretinf.o ABSOLUTE
    ../fplib/f2d.s                           0x00000000   Number         0  f2d.o ABSOLUTE
    ../fplib/fnaninf.s                       0x00000000   Number         0  fnaninf.o ABSOLUTE
    ../fplib/fpinit.s                        0x00000000   Number         0  fpinit.o ABSOLUTE
    ../fplib/fpinit_empty.s                  0x00000000   Number         0  fpinit_empty.o ABSOLUTE
    ../fplib/fretinf.s                       0x00000000   Number         0  fretinf.o ABSOLUTE
    ../fplib/istatus.s                       0x00000000   Number         0  istatus.o ABSOLUTE
    ../fplib/printf1.s                       0x00000000   Number         0  printf1.o ABSOLUTE
    ../fplib/usenofp.s                       0x00000000   Number         0  usenofp.o ABSOLUTE
    ../mathlib/fpclassify.c                  0x00000000   Number         0  fpclassify.o ABSOLUTE
    RTE/Device/STM32F103C8/startup_stm32f10x_md.s 0x00000000   Number         0  startup_stm32f10x_md.o ABSOLUTE
    dc.s                                     0x00000000   Number         0  dc.o ABSOLUTE
    delay.c                                  0x00000000   Number         0  delay.o ABSOLUTE
    main.c                                   0x00000000   Number         0  main.o ABSOLUTE
    misc.c                                   0x00000000   Number         0  misc.o ABSOLUTE
    nrf24l01.c                               0x00000000   Number         0  nrf24l01.o ABSOLUTE
    spi1.c                                   0x00000000   Number         0  spi1.o ABSOLUTE
    stm32f10x_gpio.c                         0x00000000   Number         0  stm32f10x_gpio.o ABSOLUTE
    stm32f10x_rcc.c                          0x00000000   Number         0  stm32f10x_rcc.o ABSOLUTE
    stm32f10x_spi.c                          0x00000000   Number         0  stm32f10x_spi.o ABSOLUTE
    stm32f10x_tim.c                          0x00000000   Number         0  stm32f10x_tim.o ABSOLUTE
    stm32f10x_usart.c                        0x00000000   Number         0  stm32f10x_usart.o ABSOLUTE
    system_stm32f10x.c                       0x00000000   Number         0  system_stm32f10x.o ABSOLUTE
    uart.c                                   0x00000000   Number         0  uart.o ABSOLUTE
    RESET                                    0x08000000   Section      236  startup_stm32f10x_md.o(RESET)
    !!!main                                  0x080000ec   Section        8  __main.o(!!!main)
    !!!scatter                               0x080000f4   Section       52  __scatter.o(!!!scatter)
    !!handler_copy                           0x08000128   Section       26  __scatter_copy.o(!!handler_copy)
    !!handler_zi                             0x08000144   Section       28  __scatter_zi.o(!!handler_zi)
    .ARM.Collect$$_printf_percent$$00000000  0x08000160   Section        0  _printf_percent.o(.ARM.Collect$$_printf_percent$$00000000)
    .ARM.Collect$$_printf_percent$$00000003  0x08000160   Section        6  _printf_f.o(.ARM.Collect$$_printf_percent$$00000003)
    .ARM.Collect$$_printf_percent$$00000009  0x08000166   Section        6  _printf_d.o(.ARM.Collect$$_printf_percent$$00000009)
    .ARM.Collect$$_printf_percent$$0000000C  0x0800016c   Section        6  _printf_x.o(.ARM.Collect$$_printf_percent$$0000000C)
    .ARM.Collect$$_printf_percent$$00000017  0x08000172   Section        4  _printf_percent_end.o(.ARM.Collect$$_printf_percent$$00000017)
    .ARM.Collect$$libinit$$00000000          0x08000176   Section        2  libinit.o(.ARM.Collect$$libinit$$00000000)
    .ARM.Collect$$libinit$$00000002          0x08000178   Section        0  libinit2.o(.ARM.Collect$$libinit$$00000002)
    .ARM.Collect$$libinit$$00000004          0x08000178   Section        0  libinit2.o(.ARM.Collect$$libinit$$00000004)
    .ARM.Collect$$libinit$$0000000A          0x08000178   Section        0  libinit2.o(.ARM.Collect$$libinit$$0000000A)
    .ARM.Collect$$libinit$$0000000C          0x08000178   Section        0  libinit2.o(.ARM.Collect$$libinit$$0000000C)
    .ARM.Collect$$libinit$$0000000E          0x08000178   Section        0  libinit2.o(.ARM.Collect$$libinit$$0000000E)
    .ARM.Collect$$libinit$$0000000F          0x08000178   Section        6  libinit2.o(.ARM.Collect$$libinit$$0000000F)
    .ARM.Collect$$libinit$$00000011          0x0800017e   Section        0  libinit2.o(.ARM.Collect$$libinit$$00000011)
    .ARM.Collect$$libinit$$00000013          0x0800017e   Section        0  libinit2.o(.ARM.Collect$$libinit$$00000013)
    .ARM.Collect$$libinit$$00000015          0x0800017e   Section        0  libinit2.o(.ARM.Collect$$libinit$$00000015)
    .ARM.Collect$$libinit$$00000016          0x0800017e   Section       10  libinit2.o(.ARM.Collect$$libinit$$00000016)
    .ARM.Collect$$libinit$$00000017          0x08000188   Section        0  libinit2.o(.ARM.Collect$$libinit$$00000017)
    .ARM.Collect$$libinit$$00000019          0x08000188   Section        0  libinit2.o(.ARM.Collect$$libinit$$00000019)
    .ARM.Collect$$libinit$$0000001B          0x08000188   Section        0  libinit2.o(.ARM.Collect$$libinit$$0000001B)
    .ARM.Collect$$libinit$$0000001D          0x08000188   Section        0  libinit2.o(.ARM.Collect$$libinit$$0000001D)
    .ARM.Collect$$libinit$$0000001F          0x08000188   Section        0  libinit2.o(.ARM.Collect$$libinit$$0000001F)
    .ARM.Collect$$libinit$$00000021          0x08000188   Section        0  libinit2.o(.ARM.Collect$$libinit$$00000021)
    .ARM.Collect$$libinit$$00000023          0x08000188   Section        0  libinit2.o(.ARM.Collect$$libinit$$00000023)
    .ARM.Collect$$libinit$$00000025          0x08000188   Section        0  libinit2.o(.ARM.Collect$$libinit$$00000025)
    .ARM.Collect$$libinit$$0000002C          0x08000188   Section        0  libinit2.o(.ARM.Collect$$libinit$$0000002C)
    .ARM.Collect$$libinit$$0000002E          0x08000188   Section        0  libinit2.o(.ARM.Collect$$libinit$$0000002E)
    .ARM.Collect$$libinit$$00000030          0x08000188   Section        0  libinit2.o(.ARM.Collect$$libinit$$00000030)
    .ARM.Collect$$libinit$$00000032          0x08000188   Section        0  libinit2.o(.ARM.Collect$$libinit$$00000032)
    .ARM.Collect$$libinit$$00000033          0x08000188   Section        2  libinit2.o(.ARM.Collect$$libinit$$00000033)
    .ARM.Collect$$libshutdown$$00000000      0x0800018a   Section        2  libshutdown.o(.ARM.Collect$$libshutdown$$00000000)
    .ARM.Collect$$libshutdown$$00000002      0x0800018c   Section        0  libshutdown2.o(.ARM.Collect$$libshutdown$$00000002)
    .ARM.Collect$$libshutdown$$00000004      0x0800018c   Section        0  libshutdown2.o(.ARM.Collect$$libshutdown$$00000004)
    .ARM.Collect$$libshutdown$$00000007      0x0800018c   Section        0  libshutdown2.o(.ARM.Collect$$libshutdown$$00000007)
    .ARM.Collect$$libshutdown$$0000000A      0x0800018c   Section        0  libshutdown2.o(.ARM.Collect$$libshutdown$$0000000A)
    .ARM.Collect$$libshutdown$$0000000C      0x0800018c   Section        0  libshutdown2.o(.ARM.Collect$$libshutdown$$0000000C)
    .ARM.Collect$$libshutdown$$0000000F      0x0800018c   Section        0  libshutdown2.o(.ARM.Collect$$libshutdown$$0000000F)
    .ARM.Collect$$libshutdown$$00000010      0x0800018c   Section        2  libshutdown2.o(.ARM.Collect$$libshutdown$$00000010)
    .ARM.Collect$$rtentry$$00000000          0x0800018e   Section        0  __rtentry.o(.ARM.Collect$$rtentry$$00000000)
    .ARM.Collect$$rtentry$$00000002          0x0800018e   Section        0  __rtentry2.o(.ARM.Collect$$rtentry$$00000002)
    .ARM.Collect$$rtentry$$00000004          0x0800018e   Section        6  __rtentry4.o(.ARM.Collect$$rtentry$$00000004)
    .ARM.Collect$$rtentry$$00000009          0x08000194   Section        0  __rtentry2.o(.ARM.Collect$$rtentry$$00000009)
    .ARM.Collect$$rtentry$$0000000A          0x08000194   Section        4  __rtentry2.o(.ARM.Collect$$rtentry$$0000000A)
    .ARM.Collect$$rtentry$$0000000C          0x08000198   Section        0  __rtentry2.o(.ARM.Collect$$rtentry$$0000000C)
    .ARM.Collect$$rtentry$$0000000D          0x08000198   Section        8  __rtentry2.o(.ARM.Collect$$rtentry$$0000000D)
    .ARM.Collect$$rtexit$$00000000           0x080001a0   Section        2  rtexit.o(.ARM.Collect$$rtexit$$00000000)
    .ARM.Collect$$rtexit$$00000002           0x080001a2   Section        0  rtexit2.o(.ARM.Collect$$rtexit$$00000002)
    .ARM.Collect$$rtexit$$00000003           0x080001a2   Section        4  rtexit2.o(.ARM.Collect$$rtexit$$00000003)
    .ARM.Collect$$rtexit$$00000004           0x080001a6   Section        6  rtexit2.o(.ARM.Collect$$rtexit$$00000004)
    .text                                    0x080001ac   Section       64  startup_stm32f10x_md.o(.text)
    .text                                    0x080001ec   Section        0  _printf_pad.o(.text)
    .text                                    0x0800023c   Section        0  _printf_dec.o(.text)
    .text                                    0x080002b4   Section        0  _printf_hex_int.o(.text)
    .text                                    0x0800030c   Section        0  heapauxi.o(.text)
    .text                                    0x08000312   Section        0  _printf_intcommon.o(.text)
    _fp_digits                               0x080003c5   Thumb Code   432  _printf_fp_dec.o(.text)
    .text                                    0x080003c4   Section        0  _printf_fp_dec.o(.text)
    .text                                    0x080007e0   Section        8  rt_locale_intlibspace.o(.text)
    .text                                    0x080007e8   Section      138  lludiv10.o(.text)
    .text                                    0x08000874   Section        0  _printf_fp_infnan.o(.text)
    .text                                    0x080008f4   Section        0  bigflt0.o(.text)
    .text                                    0x080009d8   Section        8  libspace.o(.text)
    .text                                    0x080009e0   Section       74  sys_stackheap_outer.o(.text)
    .text                                    0x08000a2a   Section        0  exit.o(.text)
    .text                                    0x08000a3c   Section      128  strcmpv7m.o(.text)
    .text                                    0x08000abc   Section        0  sys_exit.o(.text)
    .text                                    0x08000ac8   Section        2  use_no_semi.o(.text)
    .text                                    0x08000aca   Section        0  indicate_semi.o(.text)
    [Anonymous Symbol]                       0x08000acc   Section        0  delay.o(.text.Delay_Init)
    [Anonymous Symbol]                       0x08000af0   Section        0  stm32f10x_gpio.o(.text.GPIO_Init)
    [Anonymous Symbol]                       0x08000ba0   Section        0  nrf24l01.o(.text.NRF24L01_ReadReg)
    [Anonymous Symbol]                       0x08000bc0   Section        0  nrf24l01.o(.text.NRF24L01_TX_Mode_Init)
    [Anonymous Symbol]                       0x08000c5c   Section        0  nrf24l01.o(.text.NRF24L01_WriteReg)
    [Anonymous Symbol]                       0x08000c80   Section        0  stm32f10x_rcc.o(.text.RCC_APB2PeriphClockCmd)
    [Anonymous Symbol]                       0x08000c98   Section        0  spi1.o(.text.SPI1_Config)
    [Anonymous Symbol]                       0x08000d28   Section        0  spi1.o(.text.SPI1_ReadWrite)
    [Anonymous Symbol]                       0x08000d5c   Section        0  stm32f10x_spi.o(.text.SPI_Cmd)
    [Anonymous Symbol]                       0x08000d70   Section        0  stm32f10x_spi.o(.text.SPI_I2S_GetFlagStatus)
    [Anonymous Symbol]                       0x08000d7c   Section        0  stm32f10x_spi.o(.text.SPI_I2S_ReceiveData)
    [Anonymous Symbol]                       0x08000d80   Section        0  stm32f10x_spi.o(.text.SPI_I2S_SendData)
    [Anonymous Symbol]                       0x08000d84   Section        0  stm32f10x_spi.o(.text.SPI_Init)
    SetSysClock                              0x08000dcd   Thumb Code     8  system_stm32f10x.o(.text.SetSysClock)
    [Anonymous Symbol]                       0x08000dcc   Section        0  system_stm32f10x.o(.text.SetSysClock)
    SetSysClockTo72                          0x08000dd5   Thumb Code   190  system_stm32f10x.o(.text.SetSysClockTo72)
    [Anonymous Symbol]                       0x08000dd4   Section        0  system_stm32f10x.o(.text.SetSysClockTo72)
    SysTick_Config                           0x08000e95   Thumb Code    36  delay.o(.text.SysTick_Config)
    [Anonymous Symbol]                       0x08000e94   Section        0  delay.o(.text.SysTick_Config)
    [Anonymous Symbol]                       0x08000eb8   Section        0  delay.o(.text.SysTick_Handler)
    [Anonymous Symbol]                       0x08000ec8   Section        0  system_stm32f10x.o(.text.SystemCoreClockUpdate)
    [Anonymous Symbol]                       0x08000f38   Section        0  system_stm32f10x.o(.text.SystemInit)
    UART_Queue_Push                          0x08000f91   Thumb Code    62  uart.o(.text.UART_Queue_Push)
    [Anonymous Symbol]                       0x08000f90   Section        0  uart.o(.text.UART_Queue_Push)
    [Anonymous Symbol]                       0x08000fd0   Section        0  uart.o(.text.USART1_IRQHandler)
    [Anonymous Symbol]                       0x08000ff8   Section        0  uart.o(.text.USART2_IRQHandler)
    [Anonymous Symbol]                       0x08001024   Section        0  uart.o(.text.USART3_IRQHandler)
    __NVIC_SetPriority                       0x08001051   Thumb Code    14  delay.o(.text.__NVIC_SetPriority)
    [Anonymous Symbol]                       0x08001050   Section        0  delay.o(.text.__NVIC_SetPriority)
    [Anonymous Symbol]                       0x08001060   Section        0  main.o(.text.main)
    CL$$btod_d2e                             0x0800108a   Section       62  btod.o(CL$$btod_d2e)
    CL$$btod_d2e_denorm_low                  0x080010c8   Section       70  btod.o(CL$$btod_d2e_denorm_low)
    CL$$btod_d2e_norm_op1                    0x0800110e   Section       96  btod.o(CL$$btod_d2e_norm_op1)
    CL$$btod_div_common                      0x0800116e   Section      824  btod.o(CL$$btod_div_common)
    CL$$btod_e2e                             0x080014a6   Section      220  btod.o(CL$$btod_e2e)
    CL$$btod_ediv                            0x08001582   Section       42  btod.o(CL$$btod_ediv)
    CL$$btod_emul                            0x080015ac   Section       42  btod.o(CL$$btod_emul)
    CL$$btod_mult_common                     0x080015d6   Section      580  btod.o(CL$$btod_mult_common)
    i.__ARM_fpclassify                       0x0800181a   Section        0  fpclassify.o(i.__ARM_fpclassify)
    locale$$code                             0x08001844   Section       44  lc_numeric_c.o(locale$$code)
    x$fpl$printf1                            0x08001870   Section        4  printf1.o(x$fpl$printf1)
    uc_hextab                                0x08001874   Data          20  _printf_hex_int.o(.constdata)
    .constdata                               0x08001874   Section       40  _printf_hex_int.o(.constdata)
    x$fpl$usenofp                            0x08001874   Section        0  usenofp.o(x$fpl$usenofp)
    lc_hextab                                0x08001888   Data          20  _printf_hex_int.o(.constdata)
    tenpwrs_x                                0x0800189c   Data          60  bigflt0.o(.constdata)
    .constdata                               0x0800189c   Section      148  bigflt0.o(.constdata)
    tenpwrs_i                                0x080018d8   Data          64  bigflt0.o(.constdata)
    locale$$data                             0x08001960   Section       28  lc_numeric_c.o(locale$$data)
    __lcnum_c_name                           0x08001964   Data           2  lc_numeric_c.o(locale$$data)
    __lcnum_c_start                          0x0800196c   Data           0  lc_numeric_c.o(locale$$data)
    __lcnum_c_point                          0x08001978   Data           0  lc_numeric_c.o(locale$$data)
    __lcnum_c_thousands                      0x0800197a   Data           0  lc_numeric_c.o(locale$$data)
    __lcnum_c_grouping                       0x0800197b   Data           0  lc_numeric_c.o(locale$$data)
    __lcnum_c_end                            0x0800197c   Data           0  lc_numeric_c.o(locale$$data)
    .bss                                     0x20000008   Section       96  libspace.o(.bss)
    data_timeout                             0x20000068   Data          12  uart.o(.bss.data_timeout)
    [Anonymous Symbol]                       0x20000068   Section        0  uart.o(.bss.data_timeout)
    ms                                       0x20000074   Data           4  delay.o(.bss.ms)
    [Anonymous Symbol]                       0x20000074   Section        0  delay.o(.bss.ms)
    uart_queue                               0x20000078   Data        3192  uart.o(.bss.uart_queue)
    [Anonymous Symbol]                       0x20000078   Section        0  uart.o(.bss.uart_queue)
    Heap_Mem                                 0x20000cf0   Data         512  startup_stm32f10x_md.o(HEAP)
    HEAP                                     0x20000cf0   Section      512  startup_stm32f10x_md.o(HEAP)
    Stack_Mem                                0x20000ef0   Data        1024  startup_stm32f10x_md.o(STACK)
    STACK                                    0x20000ef0   Section     1024  startup_stm32f10x_md.o(STACK)
    __initial_sp                             0x200012f0   Data           0  startup_stm32f10x_md.o(STACK)

    Global Symbols

    Symbol Name                              Value     Ov Type        Size  Object(Section)

    BuildAttributes$$THM_ISAv4$P$D$K$B$S$PE$A:L22UL41UL21$X:L11$S22US41US21$IEEE1$IW$~IW$USESV6$~STKCKD$USESV7$~SHL$OTIME$ROPI$IEEEJ$EBA8$UX$STANDARDLIB$REQ8$PRES8$EABIv2 0x00000000   Number         0  anon$$obj.o ABSOLUTE
    __fp_init_empty                          0x00000000   Number         0  fpinit_empty.o ABSOLUTE
    _printf_flags                            0x00000000   Number         0  printf_stubs.o ABSOLUTE
    _printf_return_value                     0x00000000   Number         0  printf_stubs.o ABSOLUTE
    _printf_sizespec                         0x00000000   Number         0  printf_stubs.o ABSOLUTE
    _printf_widthprec                        0x00000000   Number         0  printf_stubs.o ABSOLUTE
    __ARM_exceptions_init                     - Undefined Weak Reference
    __alloca_initialize                       - Undefined Weak Reference
    __arm_preinit_                            - Undefined Weak Reference
    __cpp_initialize__aeabi_                  - Undefined Weak Reference
    __cxa_finalize                            - Undefined Weak Reference
    __sigvec_lookup                           - Undefined Weak Reference
    _atexit_init                              - Undefined Weak Reference
    _call_atexit_fns                          - Undefined Weak Reference
    _clock_init                               - Undefined Weak Reference
    _fp_trap_init                             - Undefined Weak Reference
    _fp_trap_shutdown                         - Undefined Weak Reference
    _get_lc_collate                           - Undefined Weak Reference
    _get_lc_ctype                             - Undefined Weak Reference
    _get_lc_monetary                          - Undefined Weak Reference
    _get_lc_time                              - Undefined Weak Reference
    _getenv_init                              - Undefined Weak Reference
    _handle_redirection                       - Undefined Weak Reference
    _init_alloc                               - Undefined Weak Reference
    _init_user_alloc                          - Undefined Weak Reference
    _initio                                   - Undefined Weak Reference
    _printf_truncate_signed                   - Undefined Weak Reference
    _printf_truncate_unsigned                 - Undefined Weak Reference
    _rand_init                                - Undefined Weak Reference
    _signal_finish                            - Undefined Weak Reference
    _signal_init                              - Undefined Weak Reference
    _terminate_alloc                          - Undefined Weak Reference
    _terminate_user_alloc                     - Undefined Weak Reference
    _terminateio                              - Undefined Weak Reference
    __Vectors_Size                           0x000000ec   Number         0  startup_stm32f10x_md.o ABSOLUTE
    __Vectors                                0x08000000   Data           4  startup_stm32f10x_md.o(RESET)
    __Vectors_End                            0x080000ec   Data           0  startup_stm32f10x_md.o(RESET)
    __main                                   0x080000ed   Thumb Code     8  __main.o(!!!main)
    __scatterload                            0x080000f5   Thumb Code     0  __scatter.o(!!!scatter)
    __scatterload_rt2                        0x080000f5   Thumb Code    44  __scatter.o(!!!scatter)
    __scatterload_rt2_thumb_only             0x080000f5   Thumb Code     0  __scatter.o(!!!scatter)
    __scatterload_null                       0x08000103   Thumb Code     0  __scatter.o(!!!scatter)
    __scatterload_copy                       0x08000129   Thumb Code    26  __scatter_copy.o(!!handler_copy)
    __scatterload_zeroinit                   0x08000145   Thumb Code    28  __scatter_zi.o(!!handler_zi)
    _printf_f                                0x08000161   Thumb Code     0  _printf_f.o(.ARM.Collect$$_printf_percent$$00000003)
    _printf_percent                          0x08000161   Thumb Code     0  _printf_percent.o(.ARM.Collect$$_printf_percent$$00000000)
    _printf_d                                0x08000167   Thumb Code     0  _printf_d.o(.ARM.Collect$$_printf_percent$$00000009)
    _printf_x                                0x0800016d   Thumb Code     0  _printf_x.o(.ARM.Collect$$_printf_percent$$0000000C)
    _printf_percent_end                      0x08000173   Thumb Code     0  _printf_percent_end.o(.ARM.Collect$$_printf_percent$$00000017)
    __rt_lib_init                            0x08000177   Thumb Code     0  libinit.o(.ARM.Collect$$libinit$$00000000)
    __rt_lib_init_fp_1                       0x08000179   Thumb Code     0  libinit2.o(.ARM.Collect$$libinit$$00000002)
    __rt_lib_init_heap_1                     0x08000179   Thumb Code     0  libinit2.o(.ARM.Collect$$libinit$$0000000A)
    __rt_lib_init_lc_common                  0x08000179   Thumb Code     0  libinit2.o(.ARM.Collect$$libinit$$0000000F)
    __rt_lib_init_preinit_1                  0x08000179   Thumb Code     0  libinit2.o(.ARM.Collect$$libinit$$00000004)
    __rt_lib_init_rand_1                     0x08000179   Thumb Code     0  libinit2.o(.ARM.Collect$$libinit$$0000000E)
    __rt_lib_init_user_alloc_1               0x08000179   Thumb Code     0  libinit2.o(.ARM.Collect$$libinit$$0000000C)
    __rt_lib_init_lc_collate_1               0x0800017f   Thumb Code     0  libinit2.o(.ARM.Collect$$libinit$$00000011)
    __rt_lib_init_lc_ctype_1                 0x0800017f   Thumb Code     0  libinit2.o(.ARM.Collect$$libinit$$00000013)
    __rt_lib_init_lc_monetary_1              0x0800017f   Thumb Code     0  libinit2.o(.ARM.Collect$$libinit$$00000015)
    __rt_lib_init_lc_numeric_2               0x0800017f   Thumb Code     0  libinit2.o(.ARM.Collect$$libinit$$00000016)
    __rt_lib_init_alloca_1                   0x08000189   Thumb Code     0  libinit2.o(.ARM.Collect$$libinit$$0000002E)
    __rt_lib_init_argv_1                     0x08000189   Thumb Code     0  libinit2.o(.ARM.Collect$$libinit$$0000002C)
    __rt_lib_init_atexit_1                   0x08000189   Thumb Code     0  libinit2.o(.ARM.Collect$$libinit$$0000001B)
    __rt_lib_init_clock_1                    0x08000189   Thumb Code     0  libinit2.o(.ARM.Collect$$libinit$$00000021)
    __rt_lib_init_cpp_1                      0x08000189   Thumb Code     0  libinit2.o(.ARM.Collect$$libinit$$00000032)
    __rt_lib_init_exceptions_1               0x08000189   Thumb Code     0  libinit2.o(.ARM.Collect$$libinit$$00000030)
    __rt_lib_init_fp_trap_1                  0x08000189   Thumb Code     0  libinit2.o(.ARM.Collect$$libinit$$0000001F)
    __rt_lib_init_getenv_1                   0x08000189   Thumb Code     0  libinit2.o(.ARM.Collect$$libinit$$00000023)
    __rt_lib_init_lc_numeric_1               0x08000189   Thumb Code     0  libinit2.o(.ARM.Collect$$libinit$$00000017)
    __rt_lib_init_lc_time_1                  0x08000189   Thumb Code     0  libinit2.o(.ARM.Collect$$libinit$$00000019)
    __rt_lib_init_return                     0x08000189   Thumb Code     0  libinit2.o(.ARM.Collect$$libinit$$00000033)
    __rt_lib_init_signal_1                   0x08000189   Thumb Code     0  libinit2.o(.ARM.Collect$$libinit$$0000001D)
    __rt_lib_init_stdio_1                    0x08000189   Thumb Code     0  libinit2.o(.ARM.Collect$$libinit$$00000025)
    __rt_lib_shutdown                        0x0800018b   Thumb Code     0  libshutdown.o(.ARM.Collect$$libshutdown$$00000000)
    __rt_lib_shutdown_cpp_1                  0x0800018d   Thumb Code     0  libshutdown2.o(.ARM.Collect$$libshutdown$$00000002)
    __rt_lib_shutdown_fp_trap_1              0x0800018d   Thumb Code     0  libshutdown2.o(.ARM.Collect$$libshutdown$$00000007)
    __rt_lib_shutdown_heap_1                 0x0800018d   Thumb Code     0  libshutdown2.o(.ARM.Collect$$libshutdown$$0000000F)
    __rt_lib_shutdown_return                 0x0800018d   Thumb Code     0  libshutdown2.o(.ARM.Collect$$libshutdown$$00000010)
    __rt_lib_shutdown_signal_1               0x0800018d   Thumb Code     0  libshutdown2.o(.ARM.Collect$$libshutdown$$0000000A)
    __rt_lib_shutdown_stdio_1                0x0800018d   Thumb Code     0  libshutdown2.o(.ARM.Collect$$libshutdown$$00000004)
    __rt_lib_shutdown_user_alloc_1           0x0800018d   Thumb Code     0  libshutdown2.o(.ARM.Collect$$libshutdown$$0000000C)
    __rt_entry                               0x0800018f   Thumb Code     0  __rtentry.o(.ARM.Collect$$rtentry$$00000000)
    __rt_entry_presh_1                       0x0800018f   Thumb Code     0  __rtentry2.o(.ARM.Collect$$rtentry$$00000002)
    __rt_entry_sh                            0x0800018f   Thumb Code     0  __rtentry4.o(.ARM.Collect$$rtentry$$00000004)
    __rt_entry_li                            0x08000195   Thumb Code     0  __rtentry2.o(.ARM.Collect$$rtentry$$0000000A)
    __rt_entry_postsh_1                      0x08000195   Thumb Code     0  __rtentry2.o(.ARM.Collect$$rtentry$$00000009)
    __rt_entry_main                          0x08000199   Thumb Code     0  __rtentry2.o(.ARM.Collect$$rtentry$$0000000D)
    __rt_entry_postli_1                      0x08000199   Thumb Code     0  __rtentry2.o(.ARM.Collect$$rtentry$$0000000C)
    __rt_exit                                0x080001a1   Thumb Code     0  rtexit.o(.ARM.Collect$$rtexit$$00000000)
    __rt_exit_ls                             0x080001a3   Thumb Code     0  rtexit2.o(.ARM.Collect$$rtexit$$00000003)
    __rt_exit_prels_1                        0x080001a3   Thumb Code     0  rtexit2.o(.ARM.Collect$$rtexit$$00000002)
    __rt_exit_exit                           0x080001a7   Thumb Code     0  rtexit2.o(.ARM.Collect$$rtexit$$00000004)
    Reset_Handler                            0x080001ad   Thumb Code     8  startup_stm32f10x_md.o(.text)
    NMI_Handler                              0x080001b5   Thumb Code     2  startup_stm32f10x_md.o(.text)
    HardFault_Handler                        0x080001b7   Thumb Code     2  startup_stm32f10x_md.o(.text)
    MemManage_Handler                        0x080001b9   Thumb Code     2  startup_stm32f10x_md.o(.text)
    BusFault_Handler                         0x080001bb   Thumb Code     2  startup_stm32f10x_md.o(.text)
    UsageFault_Handler                       0x080001bd   Thumb Code     2  startup_stm32f10x_md.o(.text)
    SVC_Handler                              0x080001bf   Thumb Code     2  startup_stm32f10x_md.o(.text)
    DebugMon_Handler                         0x080001c1   Thumb Code     2  startup_stm32f10x_md.o(.text)
    PendSV_Handler                           0x080001c3   Thumb Code     2  startup_stm32f10x_md.o(.text)
    ADC1_2_IRQHandler                        0x080001c7   Thumb Code     0  startup_stm32f10x_md.o(.text)
    CAN1_RX1_IRQHandler                      0x080001c7   Thumb Code     0  startup_stm32f10x_md.o(.text)
    CAN1_SCE_IRQHandler                      0x080001c7   Thumb Code     0  startup_stm32f10x_md.o(.text)
    DMA1_Channel1_IRQHandler                 0x080001c7   Thumb Code     0  startup_stm32f10x_md.o(.text)
    DMA1_Channel2_IRQHandler                 0x080001c7   Thumb Code     0  startup_stm32f10x_md.o(.text)
    DMA1_Channel3_IRQHandler                 0x080001c7   Thumb Code     0  startup_stm32f10x_md.o(.text)
    DMA1_Channel4_IRQHandler                 0x080001c7   Thumb Code     0  startup_stm32f10x_md.o(.text)
    DMA1_Channel5_IRQHandler                 0x080001c7   Thumb Code     0  startup_stm32f10x_md.o(.text)
    DMA1_Channel6_IRQHandler                 0x080001c7   Thumb Code     0  startup_stm32f10x_md.o(.text)
    DMA1_Channel7_IRQHandler                 0x080001c7   Thumb Code     0  startup_stm32f10x_md.o(.text)
    EXTI0_IRQHandler                         0x080001c7   Thumb Code     0  startup_stm32f10x_md.o(.text)
    EXTI15_10_IRQHandler                     0x080001c7   Thumb Code     0  startup_stm32f10x_md.o(.text)
    EXTI1_IRQHandler                         0x080001c7   Thumb Code     0  startup_stm32f10x_md.o(.text)
    EXTI2_IRQHandler                         0x080001c7   Thumb Code     0  startup_stm32f10x_md.o(.text)
    EXTI3_IRQHandler                         0x080001c7   Thumb Code     0  startup_stm32f10x_md.o(.text)
    EXTI4_IRQHandler                         0x080001c7   Thumb Code     0  startup_stm32f10x_md.o(.text)
    EXTI9_5_IRQHandler                       0x080001c7   Thumb Code     0  startup_stm32f10x_md.o(.text)
    FLASH_IRQHandler                         0x080001c7   Thumb Code     0  startup_stm32f10x_md.o(.text)
    I2C1_ER_IRQHandler                       0x080001c7   Thumb Code     0  startup_stm32f10x_md.o(.text)
    I2C1_EV_IRQHandler                       0x080001c7   Thumb Code     0  startup_stm32f10x_md.o(.text)
    I2C2_ER_IRQHandler                       0x080001c7   Thumb Code     0  startup_stm32f10x_md.o(.text)
    I2C2_EV_IRQHandler                       0x080001c7   Thumb Code     0  startup_stm32f10x_md.o(.text)
    PVD_IRQHandler                           0x080001c7   Thumb Code     0  startup_stm32f10x_md.o(.text)
    RCC_IRQHandler                           0x080001c7   Thumb Code     0  startup_stm32f10x_md.o(.text)
    RTCAlarm_IRQHandler                      0x080001c7   Thumb Code     0  startup_stm32f10x_md.o(.text)
    RTC_IRQHandler                           0x080001c7   Thumb Code     0  startup_stm32f10x_md.o(.text)
    SPI1_IRQHandler                          0x080001c7   Thumb Code     0  startup_stm32f10x_md.o(.text)
    SPI2_IRQHandler                          0x080001c7   Thumb Code     0  startup_stm32f10x_md.o(.text)
    TAMPER_IRQHandler                        0x080001c7   Thumb Code     0  startup_stm32f10x_md.o(.text)
    TIM1_BRK_IRQHandler                      0x080001c7   Thumb Code     0  startup_stm32f10x_md.o(.text)
    TIM1_CC_IRQHandler                       0x080001c7   Thumb Code     0  startup_stm32f10x_md.o(.text)
    TIM1_TRG_COM_IRQHandler                  0x080001c7   Thumb Code     0  startup_stm32f10x_md.o(.text)
    TIM1_UP_IRQHandler                       0x080001c7   Thumb Code     0  startup_stm32f10x_md.o(.text)
    TIM2_IRQHandler                          0x080001c7   Thumb Code     0  startup_stm32f10x_md.o(.text)
    TIM3_IRQHandler                          0x080001c7   Thumb Code     0  startup_stm32f10x_md.o(.text)
    TIM4_IRQHandler                          0x080001c7   Thumb Code     0  startup_stm32f10x_md.o(.text)
    USBWakeUp_IRQHandler                     0x080001c7   Thumb Code     0  startup_stm32f10x_md.o(.text)
    USB_HP_CAN1_TX_IRQHandler                0x080001c7   Thumb Code     0  startup_stm32f10x_md.o(.text)
    USB_LP_CAN1_RX0_IRQHandler               0x080001c7   Thumb Code     0  startup_stm32f10x_md.o(.text)
    WWDG_IRQHandler                          0x080001c7   Thumb Code     0  startup_stm32f10x_md.o(.text)
    __user_initial_stackheap                 0x080001c9   Thumb Code     0  startup_stm32f10x_md.o(.text)
    _printf_pre_padding                      0x080001ed   Thumb Code    44  _printf_pad.o(.text)
    _printf_post_padding                     0x08000219   Thumb Code    34  _printf_pad.o(.text)
    _printf_int_dec                          0x0800023d   Thumb Code   104  _printf_dec.o(.text)
    _printf_int_hex                          0x080002b5   Thumb Code    84  _printf_hex_int.o(.text)
    _printf_longlong_hex                     0x080002b5   Thumb Code     0  _printf_hex_int.o(.text)
    __use_two_region_memory                  0x0800030d   Thumb Code     2  heapauxi.o(.text)
    __rt_heap_escrow$2region                 0x0800030f   Thumb Code     2  heapauxi.o(.text)
    __rt_heap_expand$2region                 0x08000311   Thumb Code     2  heapauxi.o(.text)
    _printf_int_common                       0x08000313   Thumb Code   178  _printf_intcommon.o(.text)
    _printf_fp_dec_real                      0x08000575   Thumb Code   620  _printf_fp_dec.o(.text)
    __rt_locale                              0x080007e1   Thumb Code     8  rt_locale_intlibspace.o(.text)
    _ll_udiv10                               0x080007e9   Thumb Code   138  lludiv10.o(.text)
    _printf_fp_infnan                        0x08000875   Thumb Code   112  _printf_fp_infnan.o(.text)
    _btod_etento                             0x080008f5   Thumb Code   224  bigflt0.o(.text)
    __user_libspace                          0x080009d9   Thumb Code     8  libspace.o(.text)
    __user_perproc_libspace                  0x080009d9   Thumb Code     0  libspace.o(.text)
    __user_perthread_libspace                0x080009d9   Thumb Code     0  libspace.o(.text)
    __user_setup_stackheap                   0x080009e1   Thumb Code    74  sys_stackheap_outer.o(.text)
    exit                                     0x08000a2b   Thumb Code    18  exit.o(.text)
    strcmp                                   0x08000a3d   Thumb Code   128  strcmpv7m.o(.text)
    _sys_exit                                0x08000abd   Thumb Code     8  sys_exit.o(.text)
    __I$use$semihosting                      0x08000ac9   Thumb Code     0  use_no_semi.o(.text)
    __use_no_semihosting_swi                 0x08000ac9   Thumb Code     2  use_no_semi.o(.text)
    __semihosting_library_function           0x08000acb   Thumb Code     0  indicate_semi.o(.text)
    Delay_Init                               0x08000acd   Thumb Code    36  delay.o(.text.Delay_Init)
    GPIO_Init                                0x08000af1   Thumb Code   176  stm32f10x_gpio.o(.text.GPIO_Init)
    NRF24L01_ReadReg                         0x08000ba1   Thumb Code    30  nrf24l01.o(.text.NRF24L01_ReadReg)
    NRF24L01_TX_Mode_Init                    0x08000bc1   Thumb Code   154  nrf24l01.o(.text.NRF24L01_TX_Mode_Init)
    NRF24L01_WriteReg                        0x08000c5d   Thumb Code    34  nrf24l01.o(.text.NRF24L01_WriteReg)
    RCC_APB2PeriphClockCmd                   0x08000c81   Thumb Code    24  stm32f10x_rcc.o(.text.RCC_APB2PeriphClockCmd)
    SPI1_Config                              0x08000c99   Thumb Code   142  spi1.o(.text.SPI1_Config)
    SPI1_ReadWrite                           0x08000d29   Thumb Code    52  spi1.o(.text.SPI1_ReadWrite)
    SPI_Cmd                                  0x08000d5d   Thumb Code    18  stm32f10x_spi.o(.text.SPI_Cmd)
    SPI_I2S_GetFlagStatus                    0x08000d71   Thumb Code    10  stm32f10x_spi.o(.text.SPI_I2S_GetFlagStatus)
    SPI_I2S_ReceiveData                      0x08000d7d   Thumb Code     4  stm32f10x_spi.o(.text.SPI_I2S_ReceiveData)
    SPI_I2S_SendData                         0x08000d81   Thumb Code     4  stm32f10x_spi.o(.text.SPI_I2S_SendData)
    SPI_Init                                 0x08000d85   Thumb Code    70  stm32f10x_spi.o(.text.SPI_Init)
    SysTick_Handler                          0x08000eb9   Thumb Code    16  delay.o(.text.SysTick_Handler)
    SystemCoreClockUpdate                    0x08000ec9   Thumb Code   110  system_stm32f10x.o(.text.SystemCoreClockUpdate)
    SystemInit                               0x08000f39   Thumb Code    86  system_stm32f10x.o(.text.SystemInit)
    USART1_IRQHandler                        0x08000fd1   Thumb Code    40  uart.o(.text.USART1_IRQHandler)
    USART2_IRQHandler                        0x08000ff9   Thumb Code    44  uart.o(.text.USART2_IRQHandler)
    USART3_IRQHandler                        0x08001025   Thumb Code    44  uart.o(.text.USART3_IRQHandler)
    main                                     0x08001061   Thumb Code    42  main.o(.text.main)
    _btod_d2e                                0x0800108b   Thumb Code    62  btod.o(CL$$btod_d2e)
    _d2e_denorm_low                          0x080010c9   Thumb Code    70  btod.o(CL$$btod_d2e_denorm_low)
    _d2e_norm_op1                            0x0800110f   Thumb Code    96  btod.o(CL$$btod_d2e_norm_op1)
    __btod_div_common                        0x0800116f   Thumb Code   696  btod.o(CL$$btod_div_common)
    _e2e                                     0x080014a7   Thumb Code   220  btod.o(CL$$btod_e2e)
    _btod_ediv                               0x08001583   Thumb Code    42  btod.o(CL$$btod_ediv)
    _btod_emul                               0x080015ad   Thumb Code    42  btod.o(CL$$btod_emul)
    __btod_mult_common                       0x080015d7   Thumb Code   580  btod.o(CL$$btod_mult_common)
    __ARM_fpclassify                         0x0800181b   Thumb Code    40  fpclassify.o(i.__ARM_fpclassify)
    _get_lc_numeric                          0x08001845   Thumb Code    44  lc_numeric_c.o(locale$$code)
    _printf_fp_dec                           0x08001871   Thumb Code     4  printf1.o(x$fpl$printf1)
    __I$use$fp                               0x08001874   Number         0  usenofp.o(x$fpl$usenofp)
    AHBPrescTable                            0x08001930   Data          16  system_stm32f10x.o(.rodata.AHBPrescTable)
    Region$$Table$$Base                      0x08001940   Number         0  anon$$obj.o(Region$$Table)
    Region$$Table$$Limit                     0x08001960   Number         0  anon$$obj.o(Region$$Table)
    SystemCoreClock                          0x20000000   Data           4  system_stm32f10x.o(.data.SystemCoreClock)
    __libspace_start                         0x20000008   Data          96  libspace.o(.bss)
    __temporary_stack_top$libspace           0x20000068   Data           0  libspace.o(.bss)



==============================================================================

Memory Map of the image

  Image Entry point : 0x080000ed

  Load Region LR_IROM1 (Base: 0x08000000, Size: 0x00001988, Max: 0x00010000, ABSOLUTE)

    Execution Region ER_IROM1 (Exec base: 0x08000000, Load base: 0x08000000, Size: 0x0000197c, Max: 0x00010000, ABSOLUTE)

    Exec Addr    Load Addr    Size         Type   Attr      Idx    E Section Name        Object

    0x08000000   0x08000000   0x000000ec   Data   RO          580    RESET               startup_stm32f10x_md.o
    0x080000ec   0x080000ec   0x00000008   Code   RO          664  * !!!main             c_w.l(__main.o)
    0x080000f4   0x080000f4   0x00000034   Code   RO          922    !!!scatter          c_w.l(__scatter.o)
    0x08000128   0x08000128   0x0000001a   Code   RO          924    !!handler_copy      c_w.l(__scatter_copy.o)
    0x08000142   0x08000142   0x00000002   PAD
    0x08000144   0x08000144   0x0000001c   Code   RO          926    !!handler_zi        c_w.l(__scatter_zi.o)
    0x08000160   0x08000160   0x00000000   Code   RO          661    .ARM.Collect$$_printf_percent$$00000000  c_w.l(_printf_percent.o)
    0x08000160   0x08000160   0x00000006   Code   RO          660    .ARM.Collect$$_printf_percent$$00000003  c_w.l(_printf_f.o)
    0x08000166   0x08000166   0x00000006   Code   RO          659    .ARM.Collect$$_printf_percent$$00000009  c_w.l(_printf_d.o)
    0x0800016c   0x0800016c   0x00000006   Code   RO          658    .ARM.Collect$$_printf_percent$$0000000C  c_w.l(_printf_x.o)
    0x08000172   0x08000172   0x00000004   Code   RO          701    .ARM.Collect$$_printf_percent$$00000017  c_w.l(_printf_percent_end.o)
    0x08000176   0x08000176   0x00000002   Code   RO          787    .ARM.Collect$$libinit$$00000000  c_w.l(libinit.o)
    0x08000178   0x08000178   0x00000000   Code   RO          789    .ARM.Collect$$libinit$$00000002  c_w.l(libinit2.o)
    0x08000178   0x08000178   0x00000000   Code   RO          791    .ARM.Collect$$libinit$$00000004  c_w.l(libinit2.o)
    0x08000178   0x08000178   0x00000000   Code   RO          794    .ARM.Collect$$libinit$$0000000A  c_w.l(libinit2.o)
    0x08000178   0x08000178   0x00000000   Code   RO          796    .ARM.Collect$$libinit$$0000000C  c_w.l(libinit2.o)
    0x08000178   0x08000178   0x00000000   Code   RO          798    .ARM.Collect$$libinit$$0000000E  c_w.l(libinit2.o)
    0x08000178   0x08000178   0x00000006   Code   RO          799    .ARM.Collect$$libinit$$0000000F  c_w.l(libinit2.o)
    0x0800017e   0x0800017e   0x00000000   Code   RO          801    .ARM.Collect$$libinit$$00000011  c_w.l(libinit2.o)
    0x0800017e   0x0800017e   0x00000000   Code   RO          803    .ARM.Collect$$libinit$$00000013  c_w.l(libinit2.o)
    0x0800017e   0x0800017e   0x00000000   Code   RO          805    .ARM.Collect$$libinit$$00000015  c_w.l(libinit2.o)
    0x0800017e   0x0800017e   0x0000000a   Code   RO          806    .ARM.Collect$$libinit$$00000016  c_w.l(libinit2.o)
    0x08000188   0x08000188   0x00000000   Code   RO          807    .ARM.Collect$$libinit$$00000017  c_w.l(libinit2.o)
    0x08000188   0x08000188   0x00000000   Code   RO          809    .ARM.Collect$$libinit$$00000019  c_w.l(libinit2.o)
    0x08000188   0x08000188   0x00000000   Code   RO          811    .ARM.Collect$$libinit$$0000001B  c_w.l(libinit2.o)
    0x08000188   0x08000188   0x00000000   Code   RO          813    .ARM.Collect$$libinit$$0000001D  c_w.l(libinit2.o)
    0x08000188   0x08000188   0x00000000   Code   RO          815    .ARM.Collect$$libinit$$0000001F  c_w.l(libinit2.o)
    0x08000188   0x08000188   0x00000000   Code   RO          817    .ARM.Collect$$libinit$$00000021  c_w.l(libinit2.o)
    0x08000188   0x08000188   0x00000000   Code   RO          819    .ARM.Collect$$libinit$$00000023  c_w.l(libinit2.o)
    0x08000188   0x08000188   0x00000000   Code   RO          821    .ARM.Collect$$libinit$$00000025  c_w.l(libinit2.o)
    0x08000188   0x08000188   0x00000000   Code   RO          825    .ARM.Collect$$libinit$$0000002C  c_w.l(libinit2.o)
    0x08000188   0x08000188   0x00000000   Code   RO          827    .ARM.Collect$$libinit$$0000002E  c_w.l(libinit2.o)
    0x08000188   0x08000188   0x00000000   Code   RO          829    .ARM.Collect$$libinit$$00000030  c_w.l(libinit2.o)
    0x08000188   0x08000188   0x00000000   Code   RO          831    .ARM.Collect$$libinit$$00000032  c_w.l(libinit2.o)
    0x08000188   0x08000188   0x00000002   Code   RO          832    .ARM.Collect$$libinit$$00000033  c_w.l(libinit2.o)
    0x0800018a   0x0800018a   0x00000002   Code   RO          868    .ARM.Collect$$libshutdown$$00000000  c_w.l(libshutdown.o)
    0x0800018c   0x0800018c   0x00000000   Code   RO          879    .ARM.Collect$$libshutdown$$00000002  c_w.l(libshutdown2.o)
    0x0800018c   0x0800018c   0x00000000   Code   RO          881    .ARM.Collect$$libshutdown$$00000004  c_w.l(libshutdown2.o)
    0x0800018c   0x0800018c   0x00000000   Code   RO          884    .ARM.Collect$$libshutdown$$00000007  c_w.l(libshutdown2.o)
    0x0800018c   0x0800018c   0x00000000   Code   RO          887    .ARM.Collect$$libshutdown$$0000000A  c_w.l(libshutdown2.o)
    0x0800018c   0x0800018c   0x00000000   Code   RO          889    .ARM.Collect$$libshutdown$$0000000C  c_w.l(libshutdown2.o)
    0x0800018c   0x0800018c   0x00000000   Code   RO          892    .ARM.Collect$$libshutdown$$0000000F  c_w.l(libshutdown2.o)
    0x0800018c   0x0800018c   0x00000002   Code   RO          893    .ARM.Collect$$libshutdown$$00000010  c_w.l(libshutdown2.o)
    0x0800018e   0x0800018e   0x00000000   Code   RO          690    .ARM.Collect$$rtentry$$00000000  c_w.l(__rtentry.o)
    0x0800018e   0x0800018e   0x00000000   Code   RO          712    .ARM.Collect$$rtentry$$00000002  c_w.l(__rtentry2.o)
    0x0800018e   0x0800018e   0x00000006   Code   RO          724    .ARM.Collect$$rtentry$$00000004  c_w.l(__rtentry4.o)
    0x08000194   0x08000194   0x00000000   Code   RO          714    .ARM.Collect$$rtentry$$00000009  c_w.l(__rtentry2.o)
    0x08000194   0x08000194   0x00000004   Code   RO          715    .ARM.Collect$$rtentry$$0000000A  c_w.l(__rtentry2.o)
    0x08000198   0x08000198   0x00000000   Code   RO          717    .ARM.Collect$$rtentry$$0000000C  c_w.l(__rtentry2.o)
    0x08000198   0x08000198   0x00000008   Code   RO          718    .ARM.Collect$$rtentry$$0000000D  c_w.l(__rtentry2.o)
    0x080001a0   0x080001a0   0x00000002   Code   RO          833    .ARM.Collect$$rtexit$$00000000  c_w.l(rtexit.o)
    0x080001a2   0x080001a2   0x00000000   Code   RO          842    .ARM.Collect$$rtexit$$00000002  c_w.l(rtexit2.o)
    0x080001a2   0x080001a2   0x00000004   Code   RO          843    .ARM.Collect$$rtexit$$00000003  c_w.l(rtexit2.o)
    0x080001a6   0x080001a6   0x00000006   Code   RO          844    .ARM.Collect$$rtexit$$00000004  c_w.l(rtexit2.o)
    0x080001ac   0x080001ac   0x00000040   Code   RO          581    .text               startup_stm32f10x_md.o
    0x080001ec   0x080001ec   0x0000004e   Code   RO          613    .text               c_w.l(_printf_pad.o)
    0x0800023a   0x0800023a   0x00000002   PAD
    0x0800023c   0x0800023c   0x00000078   Code   RO          615    .text               c_w.l(_printf_dec.o)
    0x080002b4   0x080002b4   0x00000058   Code   RO          620    .text               c_w.l(_printf_hex_int.o)
    0x0800030c   0x0800030c   0x00000006   Code   RO          662    .text               c_w.l(heapauxi.o)
    0x08000312   0x08000312   0x000000b2   Code   RO          691    .text               c_w.l(_printf_intcommon.o)
    0x080003c4   0x080003c4   0x0000041c   Code   RO          693    .text               c_w.l(_printf_fp_dec.o)
    0x080007e0   0x080007e0   0x00000008   Code   RO          729    .text               c_w.l(rt_locale_intlibspace.o)
    0x080007e8   0x080007e8   0x0000008a   Code   RO          731    .text               c_w.l(lludiv10.o)
    0x08000872   0x08000872   0x00000002   PAD
    0x08000874   0x08000874   0x00000080   Code   RO          733    .text               c_w.l(_printf_fp_infnan.o)
    0x080008f4   0x080008f4   0x000000e4   Code   RO          737    .text               c_w.l(bigflt0.o)
    0x080009d8   0x080009d8   0x00000008   Code   RO          771    .text               c_w.l(libspace.o)
    0x080009e0   0x080009e0   0x0000004a   Code   RO          774    .text               c_w.l(sys_stackheap_outer.o)
    0x08000a2a   0x08000a2a   0x00000012   Code   RO          778    .text               c_w.l(exit.o)
    0x08000a3c   0x08000a3c   0x00000080   Code   RO          780    .text               c_w.l(strcmpv7m.o)
    0x08000abc   0x08000abc   0x0000000c   Code   RO          854    .text               c_w.l(sys_exit.o)
    0x08000ac8   0x08000ac8   0x00000002   Code   RO          869    .text               c_w.l(use_no_semi.o)
    0x08000aca   0x08000aca   0x00000000   Code   RO          871    .text               c_w.l(indicate_semi.o)
    0x08000aca   0x08000aca   0x00000002   PAD
    0x08000acc   0x08000acc   0x00000024   Code   RO           49    .text.Delay_Init    delay.o
    0x08000af0   0x08000af0   0x000000b0   Code   RO          155    .text.GPIO_Init     stm32f10x_gpio.o
    0x08000ba0   0x08000ba0   0x0000001e   Code   RO           17    .text.NRF24L01_ReadReg  nrf24l01.o
    0x08000bbe   0x08000bbe   0x00000002   PAD
    0x08000bc0   0x08000bc0   0x0000009a   Code   RO           11    .text.NRF24L01_TX_Mode_Init  nrf24l01.o
    0x08000c5a   0x08000c5a   0x00000002   PAD
    0x08000c5c   0x08000c5c   0x00000022   Code   RO           13    .text.NRF24L01_WriteReg  nrf24l01.o
    0x08000c7e   0x08000c7e   0x00000002   PAD
    0x08000c80   0x08000c80   0x00000018   Code   RO          239    .text.RCC_APB2PeriphClockCmd  stm32f10x_rcc.o
    0x08000c98   0x08000c98   0x0000008e   Code   RO           37    .text.SPI1_Config   spi1.o
    0x08000d26   0x08000d26   0x00000002   PAD
    0x08000d28   0x08000d28   0x00000034   Code   RO           39    .text.SPI1_ReadWrite  spi1.o
    0x08000d5c   0x08000d5c   0x00000012   Code   RO          279    .text.SPI_Cmd       stm32f10x_spi.o
    0x08000d6e   0x08000d6e   0x00000002   PAD
    0x08000d70   0x08000d70   0x0000000a   Code   RO          307    .text.SPI_I2S_GetFlagStatus  stm32f10x_spi.o
    0x08000d7a   0x08000d7a   0x00000002   PAD
    0x08000d7c   0x08000d7c   0x00000004   Code   RO          289    .text.SPI_I2S_ReceiveData  stm32f10x_spi.o
    0x08000d80   0x08000d80   0x00000004   Code   RO          287    .text.SPI_I2S_SendData  stm32f10x_spi.o
    0x08000d84   0x08000d84   0x00000046   Code   RO          271    .text.SPI_Init      stm32f10x_spi.o
    0x08000dca   0x08000dca   0x00000002   PAD
    0x08000dcc   0x08000dcc   0x00000008   Code   RO          590    .text.SetSysClock   system_stm32f10x.o
    0x08000dd4   0x08000dd4   0x000000be   Code   RO          594    .text.SetSysClockTo72  system_stm32f10x.o
    0x08000e92   0x08000e92   0x00000002   PAD
    0x08000e94   0x08000e94   0x00000024   Code   RO           51    .text.SysTick_Config  delay.o
    0x08000eb8   0x08000eb8   0x00000010   Code   RO           61    .text.SysTick_Handler  delay.o
    0x08000ec8   0x08000ec8   0x0000006e   Code   RO          592    .text.SystemCoreClockUpdate  system_stm32f10x.o
    0x08000f36   0x08000f36   0x00000002   PAD
    0x08000f38   0x08000f38   0x00000056   Code   RO          588    .text.SystemInit    system_stm32f10x.o
    0x08000f8e   0x08000f8e   0x00000002   PAD
    0x08000f90   0x08000f90   0x0000003e   Code   RO          112    .text.UART_Queue_Push  uart.o
    0x08000fce   0x08000fce   0x00000002   PAD
    0x08000fd0   0x08000fd0   0x00000028   Code   RO          110    .text.USART1_IRQHandler  uart.o
    0x08000ff8   0x08000ff8   0x0000002c   Code   RO          114    .text.USART2_IRQHandler  uart.o
    0x08001024   0x08001024   0x0000002c   Code   RO          116    .text.USART3_IRQHandler  uart.o
    0x08001050   0x08001050   0x0000000e   Code   RO           63    .text.__NVIC_SetPriority  delay.o
    0x0800105e   0x0800105e   0x00000002   PAD
    0x08001060   0x08001060   0x0000002a   Code   RO            2    .text.main          main.o
    0x0800108a   0x0800108a   0x0000003e   Code   RO          740    CL$$btod_d2e        c_w.l(btod.o)
    0x080010c8   0x080010c8   0x00000046   Code   RO          742    CL$$btod_d2e_denorm_low  c_w.l(btod.o)
    0x0800110e   0x0800110e   0x00000060   Code   RO          741    CL$$btod_d2e_norm_op1  c_w.l(btod.o)
    0x0800116e   0x0800116e   0x00000338   Code   RO          750    CL$$btod_div_common  c_w.l(btod.o)
    0x080014a6   0x080014a6   0x000000dc   Code   RO          747    CL$$btod_e2e        c_w.l(btod.o)
    0x08001582   0x08001582   0x0000002a   Code   RO          744    CL$$btod_ediv       c_w.l(btod.o)
    0x080015ac   0x080015ac   0x0000002a   Code   RO          743    CL$$btod_emul       c_w.l(btod.o)
    0x080015d6   0x080015d6   0x00000244   Code   RO          749    CL$$btod_mult_common  c_w.l(btod.o)
    0x0800181a   0x0800181a   0x00000028   Code   RO          769    i.__ARM_fpclassify  m_ws.l(fpclassify.o)
    0x08001842   0x08001842   0x00000002   PAD
    0x08001844   0x08001844   0x0000002c   Code   RO          765    locale$$code        c_w.l(lc_numeric_c.o)
    0x08001870   0x08001870   0x00000004   Code   RO          688    x$fpl$printf1       fz_ws.l(printf1.o)
    0x08001874   0x08001874   0x00000000   Code   RO          710    x$fpl$usenofp       fz_ws.l(usenofp.o)
    0x08001874   0x08001874   0x00000028   Data   RO          621    .constdata          c_w.l(_printf_hex_int.o)
    0x0800189c   0x0800189c   0x00000094   Data   RO          738    .constdata          c_w.l(bigflt0.o)
    0x08001930   0x08001930   0x00000010   Data   RO          597    .rodata.AHBPrescTable  system_stm32f10x.o
    0x08001940   0x08001940   0x00000020   Data   RO          921    Region$$Table       anon$$obj.o
    0x08001960   0x08001960   0x0000001c   Data   RO          764    locale$$data        c_w.l(lc_numeric_c.o)


    Execution Region RW_IRAM1 (Exec base: 0x20000000, Load base: 0x08001980, Size: 0x000012f0, Max: 0x00005000, ABSOLUTE)

    Exec Addr    Load Addr    Size         Type   Attr      Idx    E Section Name        Object

    0x20000000   0x08001980   0x00000004   Data   RW          596    .data.SystemCoreClock  system_stm32f10x.o
    0x20000004   0x08001984   0x00000004   PAD
    0x20000008        -       0x00000060   Zero   RW          772    .bss                c_w.l(libspace.o)
    0x20000068        -       0x0000000c   Zero   RW          124    .bss.data_timeout   uart.o
    0x20000074        -       0x00000004   Zero   RW           65    .bss.ms             delay.o
    0x20000078        -       0x00000c78   Zero   RW          123    .bss.uart_queue     uart.o
    0x20000cf0        -       0x00000200   Zero   RW          579    HEAP                startup_stm32f10x_md.o
    0x20000ef0        -       0x00000400   Zero   RW          578    STACK               startup_stm32f10x_md.o


==============================================================================

Image component sizes


      Code (inc. data)   RO Data    RW Data    ZI Data      Debug   Object Name

       102          0          0          0          4       4207   delay.o
        42          0          0          0          0        617   main.o
       218          0          0          0          0       3017   nrf24l01.o
       194          0          0          0          0       2515   spi1.o
        64         26        236          0       1536        832   startup_stm32f10x_md.o
       176          0          0          0          0       5830   stm32f10x_gpio.o
        24          0          0          0          0       7646   stm32f10x_rcc.o
       106          0          0          0          0       6986   stm32f10x_spi.o
       394          0         16          4          0       2887   system_stm32f10x.o
       190          0          0          0       3204      10008   uart.o

    ----------------------------------------------------------------------
      1534         26        284          4       4748      44545   Object Totals
         0          0         32          0          0          0   (incl. Generated)
        24          0          0          0          4          0   (incl. Padding)

    ----------------------------------------------------------------------

      Code (inc. data)   RO Data    RW Data    ZI Data      Debug   Library Member Name

         8          0          0          0          0         68   __main.o
         0          0          0          0          0          0   __rtentry.o
        12          0          0          0          0          0   __rtentry2.o
         6          0          0          0          0          0   __rtentry4.o
        52          8          0          0          0          0   __scatter.o
        26          0          0          0          0          0   __scatter_copy.o
        28          0          0          0          0          0   __scatter_zi.o
         6          0          0          0          0          0   _printf_d.o
       120         16          0          0          0         92   _printf_dec.o
         6          0          0          0          0          0   _printf_f.o
      1052          0          0          0          0        148   _printf_fp_dec.o
       128         16          0          0          0         84   _printf_fp_infnan.o
        88          4         40          0          0         88   _printf_hex_int.o
       178          0          0          0          0         88   _printf_intcommon.o
        78          0          0          0          0        108   _printf_pad.o
         0          0          0          0          0          0   _printf_percent.o
         4          0          0          0          0          0   _printf_percent_end.o
         6          0          0          0          0          0   _printf_x.o
       228          4        148          0          0         96   bigflt0.o
      1936        128          0          0          0        672   btod.o
        18          0          0          0          0         80   exit.o
         6          0          0          0          0        152   heapauxi.o
         0          0          0          0          0          0   indicate_semi.o
        44         10         28          0          0         76   lc_numeric_c.o
         2          0          0          0          0          0   libinit.o
        18          0          0          0          0          0   libinit2.o
         2          0          0          0          0          0   libshutdown.o
         2          0          0          0          0          0   libshutdown2.o
         8          4          0          0         96         68   libspace.o
       138          0          0          0          0         80   lludiv10.o
         8          4          0          0          0         68   rt_locale_intlibspace.o
         2          0          0          0          0          0   rtexit.o
        10          0          0          0          0          0   rtexit2.o
       128          0          0          0          0         68   strcmpv7m.o
        12          4          0          0          0         68   sys_exit.o
        74          0          0          0          0         80   sys_stackheap_outer.o
         2          0          0          0          0         68   use_no_semi.o
         4          0          0          0          0         68   printf1.o
         0          0          0          0          0          0   usenofp.o
        40          0          0          0          0         68   fpclassify.o

    ----------------------------------------------------------------------
      4490        198        216          0         96       2388   Library Totals
        10          0          0          0          0          0   (incl. Padding)

    ----------------------------------------------------------------------

      Code (inc. data)   RO Data    RW Data    ZI Data      Debug   Library Name

      4436        198        216          0         96       2252   c_w.l
         4          0          0          0          0         68   fz_ws.l
        40          0          0          0          0         68   m_ws.l

    ----------------------------------------------------------------------
      4490        198        216          0         96       2388   Library Totals

    ----------------------------------------------------------------------

==============================================================================


      Code (inc. data)   RO Data    RW Data    ZI Data      Debug   

      6024        224        500          4       4844      45605   Grand Totals
      6024        224        500          4       4844      45605   ELF Image Totals
      6024        224        500          4          0          0   ROM Totals

==============================================================================

    Total RO  Size (Code + RO Data)                 6524 (   6.37kB)
    Total RW  Size (RW Data + ZI Data)              4848 (   4.73kB)
    Total ROM Size (Code + RO Data + RW Data)       6528 (   6.38kB)

==============================================================================

